<html>
<body>
<pre>
<h1>µVision Build Log</h1>
<h2>Project:</h2>
C:\ti\TivaWare_C_Series-2.1.0.12573\examples\boards\my_projects\Final_project\final_1.uvproj
Project File Date:  03/14/2015

<h2>Output:</h2>
Rebuild target 'Target 1'
compiling final.c...
compiling uartstdio.c...
assembling startup_rvmdk.S...
compiling buttons.c...
compiling pinout.c...
linking...
Program Size: Code=11832 RO-data=924 RW-data=48 ZI-data=2760  
".\final_1.axf" - 0 Error(s), 0 Warning(s).
Load "C:\\ti\\TivaWare_C_Series-2.1.0.12573\\examples\\boards\\my_projects\\Final_project\\final_1.axf" 
Connecting: Mode=JTAG, Speed=1000000Hz
Erase Done.
Programming Done.
Verify OK.
</pre>
</body>
</html>
Accel[2]);
final.c: 3 warnings, 0 errors
compiling uartstdio.c...
assembling startup_rvmdk.S...
compiling buttons.c...
compiling pinout.c...
linking...
Program Size: Code=11760 RO-data=924 RW-data=48 ZI-data=2760  
".\final_1.axf" - 0 Error(s), 3 Warning(s).
