ARM Linker, 5.03 [Build 76] [MDK-ARM Lite]

==============================================================================

Section Cross References

    final.o(.text) refers to pinout.o(.text) for LEDWrite
    final.o(.text) refers to gpio.o(i.GPIOIntStatus) for GPIOIntStatus
    final.o(.text) refers to gpio.o(i.GPIOIntClear) for GPIOIntClear
    final.o(.text) refers to mpu9150.o(i.MPU9150DataRead) for MPU9150DataRead
    final.o(.text) refers to i2cm_drv.o(i.I2CMIntHandler) for I2CMIntHandler
    final.o(.text) refers to uartstdio.o(.text) for UARTprintf
    final.o(.text) refers to sysctl.o(i.SysCtlClockFreqSet) for SysCtlClockFreqSet
    final.o(.text) refers to gpio.o(i.GPIOPinTypeI2CSCL) for GPIOPinTypeI2CSCL
    final.o(.text) refers to gpio.o(i.GPIOIntEnable) for GPIOIntEnable
    final.o(.text) refers to i2cm_drv.o(i.I2CMInit) for I2CMInit
    final.o(.text) refers to mpu9150.o(i.MPU9150Init) for MPU9150Init
    final.o(.text) refers to mpu9150.o(i.MPU9150Write) for MPU9150Write
    final.o(.text) refers to comp_dcm.o(i.CompDCMInit) for CompDCMInit
    final.o(.text) refers to mpu9150.o(i.MPU9150DataAccelGetFloat) for MPU9150DataAccelGetFloat
    final.o(.text) refers to comp_dcm.o(i.CompDCMAccelUpdate) for CompDCMAccelUpdate
    final.o(.text) refers to comp_dcm.o(i.CompDCMStart) for CompDCMStart
    final.o(.text) refers to comp_dcm.o(i.CompDCMUpdate) for CompDCMUpdate
    final.o(.text) refers to final.o(.data) for g_vui8I2CDoneFlag
    final.o(.text) refers to final.o(.bss) for g_sMPU9150Inst
    final.o(.text) refers to final.o(.constdata) for .constdata
    uartstdio.o(.text) refers to uartstdio.o(.data) for g_ui32UARTTxWriteIndex
    uartstdio.o(.text) refers to uartstdio.o(.constdata) for g_ui32UARTInt
    uartstdio.o(.text) refers to uartstdio.o(.bss) for g_pcUARTTxBuffer
    uartstdio.o(.constdata) refers to uartstdio.o(.conststring) for .conststring
    startup_rvmdk.o(STACK) refers (Special) to heapauxi.o(.text) for __use_two_region_memory
    startup_rvmdk.o(HEAP) refers (Special) to heapauxi.o(.text) for __use_two_region_memory
    startup_rvmdk.o(RESET) refers (Special) to heapauxi.o(.text) for __use_two_region_memory
    startup_rvmdk.o(RESET) refers to startup_rvmdk.o(STACK) for StackMem
    startup_rvmdk.o(RESET) refers to uartstdio.o(.text) for UARTStdioIntHandler
    startup_rvmdk.o(RESET) refers to final.o(.text) for GPIOPortMIntHandler
    startup_rvmdk.o(RESET) refers to __main.o(!!!main) for __main
    startup_rvmdk.o(.text) refers (Special) to heapauxi.o(.text) for __use_two_region_memory
    startup_rvmdk.o(.text) refers to startup_rvmdk.o(HEAP) for HeapMem
    startup_rvmdk.o(.text) refers to startup_rvmdk.o(STACK) for StackMem
    buttons.o(.text) refers to gpio.o(i.GPIOPadConfigSet) for GPIOPadConfigSet
    buttons.o(.text) refers to buttons.o(.data) for g_ui8ButtonStates
    pinout.o(.text) refers to gpio.o(i.GPIOPadConfigSet) for GPIOPadConfigSet
    pinout.o(.text) refers to gpio.o(i.GPIOPinTypeEthernetLED) for GPIOPinTypeEthernetLED
    pinout.o(.text) refers to gpio.o(i.GPIOPinWrite) for GPIOPinWrite
    pinout.o(.text) refers to gpio.o(i.GPIOPinRead) for GPIOPinRead
    gpio.o(i.GPIOIntRegister) refers to interrupt.o(i.IntRegister) for IntRegister
    gpio.o(i.GPIOIntRegister) refers to interrupt.o(i.IntEnable) for IntEnable
    gpio.o(i.GPIOIntRegister) refers to gpio.o(.constdata) for .constdata
    gpio.o(i.GPIOIntUnregister) refers to interrupt.o(i.IntDisable) for IntDisable
    gpio.o(i.GPIOIntUnregister) refers to interrupt.o(i.IntUnregister) for IntUnregister
    gpio.o(i.GPIOIntUnregister) refers to gpio.o(.constdata) for .constdata
    gpio.o(i.GPIOPinConfigure) refers to gpio.o(.constdata) for .constdata
    gpio.o(i.GPIOPinTypeADC) refers to gpio.o(i.GPIODirModeSet) for GPIODirModeSet
    gpio.o(i.GPIOPinTypeADC) refers to gpio.o(i.GPIOPadConfigSet) for GPIOPadConfigSet
    gpio.o(i.GPIOPinTypeCAN) refers to gpio.o(i.GPIODirModeSet) for GPIODirModeSet
    gpio.o(i.GPIOPinTypeCAN) refers to gpio.o(i.GPIOPadConfigSet) for GPIOPadConfigSet
    gpio.o(i.GPIOPinTypeCIR) refers to gpio.o(i.GPIODirModeSet) for GPIODirModeSet
    gpio.o(i.GPIOPinTypeCIR) refers to gpio.o(i.GPIOPadConfigSet) for GPIOPadConfigSet
    gpio.o(i.GPIOPinTypeComparator) refers to gpio.o(i.GPIODirModeSet) for GPIODirModeSet
    gpio.o(i.GPIOPinTypeComparator) refers to gpio.o(i.GPIOPadConfigSet) for GPIOPadConfigSet
    gpio.o(i.GPIOPinTypeEPI) refers to gpio.o(i.GPIODirModeSet) for GPIODirModeSet
    gpio.o(i.GPIOPinTypeEPI) refers to gpio.o(i.GPIOPadConfigSet) for GPIOPadConfigSet
    gpio.o(i.GPIOPinTypeEthernetLED) refers to gpio.o(i.GPIODirModeSet) for GPIODirModeSet
    gpio.o(i.GPIOPinTypeEthernetLED) refers to gpio.o(i.GPIOPadConfigSet) for GPIOPadConfigSet
    gpio.o(i.GPIOPinTypeEthernetMII) refers to gpio.o(i.GPIODirModeSet) for GPIODirModeSet
    gpio.o(i.GPIOPinTypeEthernetMII) refers to gpio.o(i.GPIOPadConfigSet) for GPIOPadConfigSet
[...]
    i2c.o(i.I2CIntUnregister) refers to interrupt.o(i.IntDisable) for IntDisable
    i2c.o(i.I2CIntUnregister) refers to interrupt.o(i.IntUnregister) for IntUnregister
    i2c.o(i.I2CIntUnregister) refers to i2c.o(.constdata) for .constdata
    interrupt.o(i.IntDisable) refers to interrupt.o(.constdata) for .constdata
    interrupt.o(i.IntEnable) refers to interrupt.o(.constdata) for .constdata
    interrupt.o(i.IntIsEnabled) refers to interrupt.o(.constdata) for .constdata
    interrupt.o(i.IntMasterDisable) refers to cpu.o(.emb_text) for CPUcpsid
    interrupt.o(i.IntMasterEnable) refers to cpu.o(.emb_text) for CPUcpsie
    interrupt.o(i.IntPendClear) refers to interrupt.o(.constdata) for .constdata
    interrupt.o(i.IntPendSet) refers to interrupt.o(.constdata) for .constdata
    interrupt.o(i.IntPriorityGet) refers to interrupt.o(.constdata) for .constdata
    interrupt.o(i.IntPriorityGroupingGet) refers to interrupt.o(.constdata) for .constdata
    interrupt.o(i.IntPriorityGroupingSet) refers to interrupt.o(.constdata) for .constdata
    interrupt.o(i.IntPriorityMaskGet) refers to cpu.o(.emb_text) for CPUbasepriGet
    interrupt.o(i.IntPriorityMaskSet) refers to cpu.o(.emb_text) for CPUbasepriSet
    interrupt.o(i.IntPrioritySet) refers to interrupt.o(.constdata) for .constdata
    interrupt.o(i.IntRegister) refers to interrupt.o(vtable) for vtable
    interrupt.o(i.IntUnregister) refers to interrupt.o(i._IntDefaultHandler) for _IntDefaultHandler
    interrupt.o(i.IntUnregister) refers to interrupt.o(vtable) for vtable
    __main.o(!!!main) refers to rtentry.o(.ARM.Collect$$rtentry$$00000000) for __rt_entry
    d2f.o(x$fpl$d2f) refers (Special) to usenofp.o(x$fpl$usenofp) for __I$use$fp
    d2f.o(x$fpl$d2f) refers to fretinf.o(x$fpl$fretinf) for __fpl_fretinf
    d2f.o(x$fpl$d2f) refers to dnaninf.o(x$fpl$dnaninf) for __fpl_dnaninf
    daddsub_clz.o(x$fpl$dadd) refers (Special) to usenofp.o(x$fpl$usenofp) for __I$use$fp
    daddsub_clz.o(x$fpl$dadd) refers to daddsub_clz.o(x$fpl$dsub) for _dsub1
    daddsub_clz.o(x$fpl$dadd) refers to dretinf.o(x$fpl$dretinf) for __fpl_dretinf
    daddsub_clz.o(x$fpl$dadd) refers to dnaninf.o(x$fpl$dnaninf) for __fpl_dnaninf
    daddsub_clz.o(x$fpl$drsb) refers (Special) to usenofp.o(x$fpl$usenofp) for __I$use$fp
    daddsub_clz.o(x$fpl$drsb) refers to daddsub_clz.o(x$fpl$dadd) for _dadd1
    daddsub_clz.o(x$fpl$drsb) refers to daddsub_clz.o(x$fpl$dsub) for _dsub1
    daddsub_clz.o(x$fpl$dsub) refers (Special) to usenofp.o(x$fpl$usenofp) for __I$use$fp
    daddsub_clz.o(x$fpl$dsub) refers to daddsub_clz.o(x$fpl$dadd) for _dadd1
    daddsub_clz.o(x$fpl$dsub) refers to dnaninf.o(x$fpl$dnaninf) for __fpl_dnaninf
    dmul.o(x$fpl$dmul) refers (Special) to usenofp.o(x$fpl$usenofp) for __I$use$fp
    dmul.o(x$fpl$dmul) refers to dretinf.o(x$fpl$dretinf) for __fpl_dretinf
    dmul.o(x$fpl$dmul) refers to dnaninf.o(x$fpl$dnaninf) for __fpl_dnaninf
    f2d.o(x$fpl$f2d) refers (Special) to usenofp.o(x$fpl$usenofp) for __I$use$fp
    f2d.o(x$fpl$f2d) refers to fnaninf.o(x$fpl$fnaninf) for __fpl_fnaninf
    f2d.o(x$fpl$f2d) refers to dretinf.o(x$fpl$dretinf) for __fpl_dretinf
    asinf.o(i.__hardfp_asinf) refers (Special) to usenofp.o(x$fpl$usenofp) for __I$use$fp
    asinf.o(i.__hardfp_asinf) refers to fpclassifyf.o(i.__ARM_fpclassifyf) for __ARM_fpclassifyf
    asinf.o(i.__hardfp_asinf) refers to funder.o(i.__mathlib_flt_underflow) for __mathlib_flt_underflow
    asinf.o(i.__hardfp_asinf) refers to _rserrno.o(.text) for __set_errno
    asinf.o(i.__hardfp_asinf) refers to sqrtf.o(i.sqrtf) for sqrtf
    asinf.o(i.__softfp_asinf) refers (Special) to usenofp.o(x$fpl$usenofp) for __I$use$fp
    asinf.o(i.__softfp_asinf) refers to asinf.o(i.__hardfp_asinf) for __hardfp_asinf
    asinf.o(i.asinf) refers (Special) to usenofp.o(x$fpl$usenofp) for __I$use$fp
    asinf.o(i.asinf) refers to asinf.o(i.__hardfp_asinf) for __hardfp_asinf
    asinf_x.o(i.____hardfp_asinf$lsc) refers (Special) to usenofp.o(x$fpl$usenofp) for __I$use$fp
    asinf_x.o(i.____hardfp_asinf$lsc) refers to _rserrno.o(.text) for __set_errno
    asinf_x.o(i.____hardfp_asinf$lsc) refers to sqrtf.o(i.sqrtf) for sqrtf
    asinf_x.o(i.____softfp_asinf$lsc) refers (Special) to usenofp.o(x$fpl$usenofp) for __I$use$fp
    asinf_x.o(i.____softfp_asinf$lsc) refers to asinf_x.o(i.____hardfp_asinf$lsc) for ____hardfp_asinf$lsc
    asinf_x.o(i.__asinf$lsc) refers (Special) to usenofp.o(x$fpl$usenofp) for __I$use$fp
    asinf_x.o(i.__asinf$lsc) refers to asinf_x.o(i.____hardfp_asinf$lsc) for ____hardfp_asinf$lsc
    atan2f.o(i.__hardfp_atan2f) refers (Special) to usenofp.o(x$fpl$usenofp) for __I$use$fp
    atan2f.o(i.__hardfp_atan2f) refers to fpclassifyf.o(i.__ARM_fpclassifyf) for __ARM_fpclassifyf
    atan2f.o(i.__hardfp_atan2f) refers to funder.o(i.__mathlib_flt_underflow) for __mathlib_flt_underflow
    atan2f.o(i.__softfp_atan2f) refers (Special) to usenofp.o(x$fpl$usenofp) for __I$use$fp
    atan2f.o(i.__softfp_atan2f) refers to atan2f.o(i.__hardfp_atan2f) for __hardfp_atan2f
    atan2f.o(i.atan2f) refers (Special) to usenofp.o(x$fpl$usenofp) for __I$use$fp
    atan2f.o(i.atan2f) refers to atan2f.o(i.__hardfp_atan2f) for __hardfp_atan2f
    atan2f_x.o(i.____hardfp_atan2f$lsc) refers (Special) to usenofp.o(x$fpl$usenofp) for __I$use$fp
    atan2f_x.o(i.____hardfp_atan2f$lsc) refers to _rserrno.o(.text) for __set_errno
    atan2f_x.o(i.____softfp_atan2f$lsc) refers (Special) to usenofp.o(x$fpl$usenofp) for __I$use$fp
    atan2f_x.o(i.____softfp_atan2f$lsc) refers to atan2f_x.o(i.____hardfp_atan2f$lsc) for ____hardfp_atan2f$lsc
    atan2f_x.o(i.__atan2f$lsc) refers (Special) to usenofp.o(x$fpl$usenofp) for __I$use$fp
    atan2f_x.o(i.__atan2f$lsc) refers to atan2f_x.o(i.____hardfp_atan2f$lsc) for ____hardfp_atan2f$lsc
    sqrtf.o(i.__hardfp_sqrtf) refers (Special) to usenofp.o(x$fpl$usenofp) for __I$use$fp
    sqrtf.o(i.__hardfp_sqrtf) refers to _rserrno.o(.text) for __set_errno
    sqrtf.o(i.__softfp_sqrtf) refers (Special) to usenofp.o(x$fpl$usenofp) for __I$use$fp
    sqrtf.o(i.__softfp_sqrtf) refers to _rserrno.o(.text) for __set_errno
    sqrtf.o(i.sqrtf) refers (Special) to usenofp.o(x$fpl$usenofp) for __I$use$fp
    sqrtf.o(i.sqrtf) refers to _rserrno.o(.text) for __set_errno
    sqrtf_x.o(i.____hardfp_sqrtf$lsc) refers (Special) to usenofp.o(x$fpl$usenofp) for __I$use$fp
    sqrtf_x.o(i.____hardfp_sqrtf$lsc) refers to _rserrno.o(.text) for __set_errno
    sqrtf_x.o(i.____softfp_sqrtf$lsc) refers (Special) to usenofp.o(x$fpl$usenofp) for __I$use$fp
    sqrtf_x.o(i.____softfp_sqrtf$lsc) refers to _rserrno.o(.text) for __set_errno
    sqrtf_x.o(i.__sqrtf$lsc) refers (Special) to usenofp.o(x$fpl$usenofp) for __I$use$fp
    sqrtf_x.o(i.__sqrtf$lsc) refers to _rserrno.o(.text) for __set_errno
    rtentry.o(.ARM.Collect$$rtentry$$00000000) refers (Special) to rtentry2.o(.ARM.Collect$$rtentry$$0000000A) for __rt_entry_li
    rtentry.o(.ARM.Collect$$rtentry$$00000000) refers (Special) to rtentry2.o(.ARM.Collect$$rtentry$$0000000D) for __rt_entry_main
    rtentry.o(.ARM.Collect$$rtentry$$00000000) refers (Special) to rtentry2.o(.ARM.Collect$$rtentry$$0000000C) for __rt_entry_postli_1
    rtentry.o(.ARM.Collect$$rtentry$$00000000) refers (Special) to rtentry2.o(.ARM.Collect$$rtentry$$00000009) for __rt_entry_postsh_1
    rtentry.o(.ARM.Collect$$rtentry$$00000000) refers (Special) to rtentry2.o(.ARM.Collect$$rtentry$$00000002) for __rt_entry_presh_1
    rtentry.o(.ARM.Collect$$rtentry$$00000000) refers (Special) to rtentry4.o(.ARM.Collect$$rtentry$$00000004) for __rt_entry_sh
    _rserrno.o(.text) refers to rt_errno_addr_intlibspace.o(.text) for __aeabi_errno_addr
    dnaninf.o(x$fpl$dnaninf) refers (Special) to usenofp.o(x$fpl$usenofp) for __I$use$fp
    dretinf.o(x$fpl$dretinf) refers (Special) to usenofp.o(x$fpl$usenofp) for __I$use$fp
    fnaninf.o(x$fpl$fnaninf) refers (Special) to usenofp.o(x$fpl$usenofp) for __I$use$fp
    fretinf.o(x$fpl$fretinf) refers (Special) to usenofp.o(x$fpl$usenofp) for __I$use$fp
    fpclassifyf.o(i.__ARM_fpclassifyf) refers (Special) to usenofp.o(x$fpl$usenofp) for __I$use$fp
    rtentry2.o(.ARM.Collect$$rtentry$$00000008) refers to boardinit2.o(.text) for _platform_post_stackheap_init
    rtentry2.o(.ARM.Collect$$rtentry$$0000000A) refers to libinit.o(.ARM.Collect$$libinit$$00000000) for __rt_lib_init
    rtentry2.o(.ARM.Collect$$rtentry$$0000000B) refers to boardinit3.o(.text) for _platform_post_lib_init
    rtentry2.o(.ARM.Collect$$rtentry$$0000000D) refers to final.o(.text) for main
    rtentry2.o(.ARM.Collect$$rtentry$$0000000D) refers to exit.o(.text) for exit
    rtentry2.o(.ARM.exidx) refers to rtentry2.o(.ARM.Collect$$rtentry$$00000001) for .ARM.Collect$$rtentry$$00000001
    rtentry2.o(.ARM.exidx) refers to rtentry2.o(.ARM.Collect$$rtentry$$00000008) for .ARM.Collect$$rtentry$$00000008
    rtentry2.o(.ARM.exidx) refers to rtentry2.o(.ARM.Collect$$rtentry$$0000000A) for .ARM.Collect$$rtentry$$0000000A
    rtentry2.o(.ARM.exidx) refers to rtentry2.o(.ARM.Collect$$rtentry$$0000000B) for .ARM.Collect$$rtentry$$0000000B
    rtentry2.o(.ARM.exidx) refers to rtentry2.o(.ARM.Collect$$rtentry$$0000000D) for .ARM.Collect$$rtentry$$0000000D
    rtentry4.o(.ARM.Collect$$rtentry$$00000004) refers to sys_stackheap_outer.o(.text) for __user_setup_stackheap
    rtentry4.o(.ARM.exidx) refers to rtentry4.o(.ARM.Collect$$rtentry$$00000004) for .ARM.Collect$$rtentry$$00000004
    rt_errno_addr.o(.text) refers to rt_errno_addr.o(.bss) for __aeabi_errno_addr_data
    rt_errno_addr_intlibspace.o(.text) refers to libspace.o(.bss) for __libspace_start
    libspace.o(.text) refers to libspace.o(.bss) for __libspace_start
    sys_stackheap_outer.o(.text) refers to libspace.o(.text) for __user_perproc_libspace
    sys_stackheap_outer.o(.text) refers to startup_rvmdk.o(.text) for __user_initial_stackheap
    exit.o(.text) refers to rtexit.o(.ARM.Collect$$rtexit$$00000000) for __rt_exit
    libinit.o(.ARM.Collect$$libinit$$00000000) refers (Special) to libinit2.o(.ARM.Collect$$libinit$$0000002C) for __rt_lib_init_alloca_1
    libinit.o(.ARM.Collect$$libinit$$00000000) refers (Special) to libinit2.o(.ARM.Collect$$libinit$$0000002A) for __rt_lib_init_argv_1
    libinit.o(.ARM.Collect$$libinit$$00000000) refers (Special) to libinit2.o(.ARM.Collect$$libinit$$00000019) for __rt_lib_init_atexit_1
    libinit.o(.ARM.Collect$$libinit$$00000000) refers (Special) to libinit2.o(.ARM.Collect$$libinit$$0000001F) for __rt_lib_init_clock_1
    libinit.o(.ARM.Collect$$libinit$$00000000) refers (Special) to libinit2.o(.ARM.Collect$$libinit$$00000030) for __rt_lib_init_cpp_1
    libinit.o(.ARM.Collect$$libinit$$00000000) refers (Special) to libinit2.o(.ARM.Collect$$libinit$$0000002E) for __rt_lib_init_exceptions_1
    libinit.o(.ARM.Collect$$libinit$$00000000) refers (Special) to libinit2.o(.ARM.Collect$$libinit$$00000001) for __rt_lib_init_fp_1
    libinit.o(.ARM.Collect$$libinit$$00000000) refers (Special) to libinit2.o(.ARM.Collect$$libinit$$0000001D) for __rt_lib_init_fp_trap_1
    libinit.o(.ARM.Collect$$libinit$$00000000) refers (Special) to libinit2.o(.ARM.Collect$$libinit$$00000021) for __rt_lib_init_getenv_1
    libinit.o(.ARM.Collect$$libinit$$00000000) refers (Special) to libinit2.o(.ARM.Collect$$libinit$$00000008) for __rt_lib_init_heap_1
    libinit.o(.ARM.Collect$$libinit$$00000000) refers (Special) to libinit2.o(.ARM.Collect$$libinit$$0000000F) for __rt_lib_init_lc_collate_1
    libinit.o(.ARM.Collect$$libinit$$00000000) refers (Special) to libinit2.o(.ARM.Collect$$libinit$$00000011) for __rt_lib_init_lc_ctype_1
    libinit.o(.ARM.Collect$$libinit$$00000000) refers (Special) to libinit2.o(.ARM.Collect$$libinit$$00000013) for __rt_lib_init_lc_monetary_1
    libinit.o(.ARM.Collect$$libinit$$00000000) refers (Special) to libinit2.o(.ARM.Collect$$libinit$$00000015) for __rt_lib_init_lc_numeric_1
    libinit.o(.ARM.Collect$$libinit$$00000000) refers (Special) to libinit2.o(.ARM.Collect$$libinit$$00000017) for __rt_lib_init_lc_time_1
    libinit.o(.ARM.Collect$$libinit$$00000000) refers (Special) to libinit2.o(.ARM.Collect$$libinit$$0000000C) for __rt_lib_init_rand_1
    libinit.o(.ARM.Collect$$libinit$$00000000) refers (Special) to libinit2.o(.ARM.Collect$$libinit$$00000031) for __rt_lib_init_return
    libinit.o(.ARM.Collect$$libinit$$00000000) refers (Special) to libinit2.o(.ARM.Collect$$libinit$$0000001B) for __rt_lib_init_signal_1
    libinit.o(.ARM.Collect$$libinit$$00000000) refers (Special) to libinit2.o(.ARM.Collect$$libinit$$00000023) for __rt_lib_init_stdio_1
    libinit.o(.ARM.Collect$$libinit$$00000000) refers (Special) to libinit2.o(.ARM.Collect$$libinit$$0000000A) for __rt_lib_init_user_alloc_1
    rtexit.o(.ARM.Collect$$rtexit$$00000000) refers (Special) to rtexit2.o(.ARM.Collect$$rtexit$$00000004) for __rt_exit_exit
    rtexit.o(.ARM.Collect$$rtexit$$00000000) refers (Special) to rtexit2.o(.ARM.Collect$$rtexit$$00000003) for __rt_exit_ls
    rtexit.o(.ARM.Collect$$rtexit$$00000000) refers (Special) to rtexit2.o(.ARM.Collect$$rtexit$$00000002) for __rt_exit_prels_1
    rtexit.o(.ARM.exidx) refers (Special) to rtexit2.o(.ARM.Collect$$rtexit$$00000004) for __rt_exit_exit
    rtexit.o(.ARM.exidx) refers (Special) to rtexit2.o(.ARM.Collect$$rtexit$$00000003) for __rt_exit_ls
    rtexit.o(.ARM.exidx) refers (Special) to rtexit2.o(.ARM.Collect$$rtexit$$00000002) for __rt_exit_prels_1
    rtexit.o(.ARM.exidx) refers to rtexit.o(.ARM.Collect$$rtexit$$00000000) for .ARM.Collect$$rtexit$$00000000
    libinit2.o(.ARM.Collect$$libinit$$00000001) refers to fpinit.o(x$fpl$fpinit) for _fp_init
    libinit2.o(.ARM.Collect$$libinit$$0000000E) refers to libinit2.o(.ARM.Collect$$libinit$$0000000D) for .ARM.Collect$$libinit$$0000000D
    libinit2.o(.ARM.Collect$$libinit$$00000010) refers to libinit2.o(.ARM.Collect$$libinit$$0000000D) for .ARM.Collect$$libinit$$0000000D
    libinit2.o(.ARM.Collect$$libinit$$00000012) refers to libinit2.o(.ARM.Collect$$libinit$$0000000D) for .ARM.Collect$$libinit$$0000000D
    libinit2.o(.ARM.Collect$$libinit$$00000014) refers to libinit2.o(.ARM.Collect$$libinit$$0000000D) for .ARM.Collect$$libinit$$0000000D
    libinit2.o(.ARM.Collect$$libinit$$00000016) refers to libinit2.o(.ARM.Collect$$libinit$$0000000D) for .ARM.Collect$$libinit$$0000000D
    libinit2.o(.ARM.Collect$$libinit$$00000024) refers to argv_veneer.o(.emb_text) for __ARM_argv_veneer
    libinit2.o(.ARM.Collect$$libinit$$00000025) refers to argv_veneer.o(.emb_text) for __ARM_argv_veneer
    rtexit2.o(.ARM.Collect$$rtexit$$00000003) refers to libshutdown.o(.ARM.Collect$$libshutdown$$00000000) for __rt_lib_shutdown
    rtexit2.o(.ARM.Collect$$rtexit$$00000004) refers to sys_exit.o(.text) for _sys_exit
    rtexit2.o(.ARM.exidx) refers to rtexit2.o(.ARM.Collect$$rtexit$$00000001) for .ARM.Collect$$rtexit$$00000001
    rtexit2.o(.ARM.exidx) refers to rtexit2.o(.ARM.Collect$$rtexit$$00000003) for .ARM.Collect$$rtexit$$00000003
    rtexit2.o(.ARM.exidx) refers to rtexit2.o(.ARM.Collect$$rtexit$$00000004) for .ARM.Collect$$rtexit$$00000004
    argv_veneer.o(.emb_text) refers to no_argv.o(.text) for __ARM_get_argv
    sys_exit.o(.text) refers (Special) to use_no_semi.o(.text) for __I$use$semihosting
    sys_exit.o(.text) refers (Special) to indicate_semi.o(.text) for __semihosting_library_function
    _get_argv_nomalloc.o(.text) refers (Special) to hrguard.o(.text) for __heap_region$guard
    _get_argv_nomalloc.o(.text) refers to defsig_rtmem_outer.o(.text) for __rt_SIGRTMEM
    _get_argv_nomalloc.o(.text) refers to sys_command.o(.text) for _sys_command_string
    libshutdown.o(.ARM.Collect$$libshutdown$$00000000) refers (Special) to libshutdown2.o(.ARM.Collect$$libshutdown$$00000006) for __rt_lib_shutdown_fp_trap_1
    libshutdown.o(.ARM.Collect$$libshutdown$$00000000) refers (Special) to libshutdown2.o(.ARM.Collect$$libshutdown$$0000000E) for __rt_lib_shutdown_heap_1
    libshutdown.o(.ARM.Collect$$libshutdown$$00000000) refers (Special) to libshutdown2.o(.ARM.Collect$$libshutdown$$0000000F) for __rt_lib_shutdown_return
    libshutdown.o(.ARM.Collect$$libshutdown$$00000000) refers (Special) to libshutdown2.o(.ARM.Collect$$libshutdown$$00000009) for __rt_lib_shutdown_signal_1
    libshutdown.o(.ARM.Collect$$libshutdown$$00000000) refers (Special) to libshutdown2.o(.ARM.Collect$$libshutdown$$00000003) for __rt_lib_shutdown_stdio_1
    libshutdown.o(.ARM.Collect$$libshutdown$$00000000) refers (Special) to libshutdown2.o(.ARM.Collect$$libshutdown$$0000000B) for __rt_lib_shutdown_user_alloc_1
    sys_command.o(.text) refers (Special) to use_no_semi.o(.text) for __I$use$semihosting
    sys_command.o(.text) refers (Special) to indicate_semi.o(.text) for __semihosting_library_function
    defsig_rtmem_outer.o(.text) refers to defsig_rtmem_inner.o(.text) for __rt_SIGRTMEM_inner
    defsig_rtmem_outer.o(.text) refers to defsig_exit.o(.text) for __sig_exit
    defsig_rtmem_formal.o(.text) refers to rt_raise.o(.text) for __rt_raise
    rt_raise.o(.text) refers to __raise.o(.text) for __raise
    rt_raise.o(.text) refers to sys_exit.o(.text) for _sys_exit
    defsig_exit.o(.text) refers to sys_exit.o(.text) for _sys_exit
    defsig_rtmem_inner.o(.text) refers to defsig_general.o(.text) for __default_signal_display
    __raise.o(.text) refers to defsig.o(CL$$defsig) for __default_signal_handler
    defsig_general.o(.text) refers to sys_wrch.o(.text) for _ttywrch
    sys_wrch.o(.text) refers (Special) to use_no_semi.o(.text) for __I$use$semihosting
    sys_wrch.o(.text) refers (Special) to indicate_semi.o(.text) for __semihosting_library_function
    defsig.o(CL$$defsig) refers to defsig_rtmem_inner.o(.text) for __rt_SIGRTMEM_inner
    defsig_abrt_inner.o(.text) refers to defsig_general.o(.text) for __default_signal_display
    defsig_fpe_inner.o(.text) refers to defsig_general.o(.text) for __default_signal_display
    defsig_rtred_inner.o(.text) refers to defsig_general.o(.text) for __default_signal_display
    defsig_stak_inner.o(.text) refers to defsig_general.o(.text) for __default_signal_display
    defsig_pvfn_inner.o(.text) refers to defsig_general.o(.text) for __default_signal_display
    defsig_cppl_inner.o(.text) refers to defsig_general.o(.text) for __default_signal_display
    defsig_segv_inner.o(.text) refers to defsig_general.o(.text) for __default_signal_display
    defsig_other.o(.text) refers to defsig_general.o(.text) for __default_signal_display
    i2cm_drv.o(i.I2CMWrite) refers to i2cm_drv.o(i.I2CMCommand) for I2CMCommand
    i2cm_drv.o(i.I2CMRead) refers to i2cm_drv.o(i.I2CMCommand) for I2CMCommand
    i2cm_drv.o(i.I2CMWriteBatched) refers to i2cm_drv.o(i.I2CMCommand) for I2CMCommand
    i2cm_drv.o(i.I2CMReadBatched) refers to i2cm_drv.o(i.I2CMCommand) for I2CMCommand
    i2cm_drv.o(i.I2CMReadModifyWrite16BE) refers to i2cm_drv.o(i.I2CMReadModifyWrite16LE) for I2CMReadModifyWrite16LE


==============================================================================

Removing Unused input sections from the image.

    Removing buttons.o(.text), (236 bytes).
    Removing buttons.o(.data), (3 bytes).
    Removing gpio.o(i.GPIOADCTriggerDisable), (14 bytes).
    Removing gpio.o(i.GPIOADCTriggerEnable), (14 bytes).
    Removing gpio.o(i.GPIODMATriggerDisable), (14 bytes).
    Removing gpio.o(i.GPIODMATriggerEnable), (14 bytes).
    Removing gpio.o(i.GPIODirModeGet), (34 bytes).
    Removing gpio.o(i.GPIOIntDisable), (14 bytes).
    Removing gpio.o(i.GPIOIntRegister), (88 bytes).
    Removing gpio.o(i.GPIOIntTypeGet), (68 bytes).
    Removing gpio.o(i.GPIOIntTypeSet), (80 bytes).
    Removing gpio.o(i.GPIOIntUnregister), (88 bytes).
    Removing gpio.o(i.GPIOPadConfigGet), (204 bytes).
    Removing gpio.o(i.GPIOPinConfigure), (72 bytes).
    Removing gpio.o(i.GPIOPinTypeADC), (28 bytes).
    Removing gpio.o(i.GPIOPinTypeCAN), (28 bytes).
    Removing gpio.o(i.GPIOPinTypeCIR), (28 bytes).
    Removing gpio.o(i.GPIOPinTypeComparator), (28 bytes).
    Removing gpio.o(i.GPIOPinTypeEPI), (28 bytes).
    Removing gpio.o(i.GPIOPinTypeEthernetMII), (28 bytes).
    Removing gpio.o(i.GPIOPinTypeGPIOInput), (28 bytes).
    Removing gpio.o(i.GPIOPinTypeGPIOOutput), (28 bytes).
    Removing gpio.o(i.GPIOPinTypeGPIOOutputOD), (28 bytes).
    Removing gpio.o(i.GPIOPinTypeI2C), (28 bytes).
    Removing gpio.o(i.GPIOPinTypeKBColumn), (28 bytes).
    Removing gpio.o(i.GPIOPinTypeKBRow), (28 bytes).
    Removing gpio.o(i.GPIOPinTypeLCD), (28 bytes).
    Removing gpio.o(i.GPIOPinTypeLEDSeq), (28 bytes).
    Removing gpio.o(i.GPIOPinTypeLPC), (28 bytes).
    Removing gpio.o(i.GPIOPinTypePECIRx), (28 bytes).
    Removing gpio.o(i.GPIOPinTypePECITx), (28 bytes).
    Removing gpio.o(i.GPIOPinTypePWM), (28 bytes).
    Removing gpio.o(i.GPIOPinTypeQEI), (28 bytes).
    Removing gpio.o(i.GPIOPinTypeSSI), (28 bytes).
    Removing gpio.o(i.GPIOPinTypeTimer), (28 bytes).
    Removing gpio.o(i.GPIOPinTypeUART), (28 bytes).
    Removing gpio.o(i.GPIOPinTypeUSBAnalog), (28 bytes).
    Removing gpio.o(i.GPIOPinTypeUSBDigital), (28 bytes).
    Removing gpio.o(i.GPIOPinTypeWakeHigh), (30 bytes).
    Removing gpio.o(i.GPIOPinTypeWakeLow), (30 bytes).
    Removing gpio.o(i.GPIOPinWakeStatus), (6 bytes).
    Removing gpio.o(.constdata), (528 bytes).
    Removing sysctl.o(.emb_text), (6 bytes).
    Removing sysctl.o(i.SysCtlAltClkConfig), (12 bytes).
    Removing sysctl.o(i.SysCtlClockGet), (356 bytes).
    Removing sysctl.o(i.SysCtlClockOutConfig), (16 bytes).
    Removing sysctl.o(i.SysCtlClockSet), (288 bytes).
    Removing sysctl.o(i.SysCtlDeepSleep), (32 bytes).
    Removing sysctl.o(i.SysCtlDeepSleepClockConfigSet), (112 bytes).
    Removing sysctl.o(i.SysCtlDeepSleepClockSet), (12 bytes).
    Removing sysctl.o(i.SysCtlDeepSleepPowerSet), (12 bytes).
    Removing sysctl.o(i.SysCtlFlashSectorSizeGet), (56 bytes).
    Removing sysctl.o(i.SysCtlFlashSizeGet), (56 bytes).
    Removing sysctl.o(i.SysCtlGPIOAHBDisable), (28 bytes).
    Removing sysctl.o(i.SysCtlGPIOAHBEnable), (24 bytes).
    Removing sysctl.o(i.SysCtlIntClear), (12 bytes).
    Removing sysctl.o(i.SysCtlIntDisable), (16 bytes).
    Removing sysctl.o(i.SysCtlIntEnable), (16 bytes).
    Removing sysctl.o(i.SysCtlIntRegister), (20 bytes).
    Removing sysctl.o(i.SysCtlIntStatus), (16 bytes).
    Removing sysctl.o(i.SysCtlIntUnregister), (18 bytes).
    Removing sysctl.o(i.SysCtlLDODeepSleepGet), (12 bytes).
    Removing sysctl.o(i.SysCtlLDODeepSleepSet), (12 bytes).
    Removing sysctl.o(i.SysCtlLDOSleepGet), (12 bytes).
    Removing sysctl.o(i.SysCtlLDOSleepSet), (12 bytes).
    Removing sysctl.o(i.SysCtlMOSCConfigSet), (12 bytes).
    Removing sysctl.o(i.SysCtlNMIClear), (16 bytes).
    Removing sysctl.o(i.SysCtlNMIStatus), (12 bytes).
    Removing sysctl.o(i.SysCtlPIOSCCalibrate), (76 bytes).
    Removing sysctl.o(i.SysCtlPWMClockGet), (24 bytes).
    Removing sysctl.o(i.SysCtlPWMClockSet), (20 bytes).
    Removing sysctl.o(i.SysCtlPeripheralClockGating), (68 bytes).
    Removing sysctl.o(i.SysCtlPeripheralDeepSleepDisable), (40 bytes).
    Removing sysctl.o(i.SysCtlPeripheralDeepSleepEnable), (40 bytes).
    Removing sysctl.o(i.SysCtlPeripheralDisable), (40 bytes).
    Removing sysctl.o(i.SysCtlPeripheralEnable), (40 bytes).
    Removing sysctl.o(i.SysCtlPeripheralPowerOff), (40 bytes).
    Removing sysctl.o(i.SysCtlPeripheralPowerOn), (40 bytes).
    Removing sysctl.o(i.SysCtlPeripheralPresent), (44 bytes).
    Removing sysctl.o(i.SysCtlPeripheralReady), (44 bytes).
    Removing sysctl.o(i.SysCtlPeripheralReset), (60 bytes).
    Removing sysctl.o(i.SysCtlPeripheralSleepDisable), (40 bytes).
    Removing sysctl.o(i.SysCtlPeripheralSleepEnable), (40 bytes).
    Removing sysctl.o(i.SysCtlReset), (16 bytes).
    Removing sysctl.o(i.SysCtlResetBehaviorGet), (12 bytes).
    Removing sysctl.o(i.SysCtlResetBehaviorSet), (12 bytes).
    Removing sysctl.o(i.SysCtlResetCauseClear), (16 bytes).
    Removing sysctl.o(i.SysCtlResetCauseGet), (12 bytes).
    Removing sysctl.o(i.SysCtlSRAMSizeGet), (16 bytes).
    Removing sysctl.o(i.SysCtlSleep), (4 bytes).
    Removing sysctl.o(i.SysCtlSleepPowerSet), (12 bytes).
    Removing sysctl.o(i.SysCtlUSBPLLDisable), (16 bytes).
    Removing sysctl.o(i.SysCtlUSBPLLEnable), (16 bytes).
    Removing sysctl.o(i.SysCtlVoltageEventClear), (16 bytes).
    Removing sysctl.o(i.SysCtlVoltageEventConfig), (12 bytes).
    Removing sysctl.o(i.SysCtlVoltageEventStatus), (12 bytes).
    Removing comp_dcm.o(i.CompDCMComputeEulers), (76 bytes).
    Removing comp_dcm.o(i.CompDCMComputeQuaternion), (532 bytes).
    Removing comp_dcm.o(i.CompDCMGyroUpdate), (14 bytes).
    Removing comp_dcm.o(i.CompDCMMagnetoUpdate), (14 bytes).
    Removing comp_dcm.o(i.CompDCMMatrixGet), (74 bytes).
    Removing i2cm_drv.o(i.I2CMRead16BE), (80 bytes).
    Removing i2cm_drv.o(i.I2CMRead16BECallback), (54 bytes).
    Removing i2cm_drv.o(i.I2CMReadModifyWrite16LE), (140 bytes).
    Removing i2cm_drv.o(i.I2CMReadModifyWrite16LECallback), (120 bytes).
    Removing i2cm_drv.o(i.I2CMReadModifyWrite8), (136 bytes).
    Removing i2cm_drv.o(i.I2CMReadModifyWrite8Callback), (112 bytes).
    Removing i2cm_drv.o(i.I2CMTransferResume), (52 bytes).
    Removing i2cm_drv.o(i.I2CMWrite16BE), (84 bytes).
    Removing i2cm_drv.o(i.I2CMWrite16BECallback), (94 bytes).
    Removing mpu9150.o(i.MPU9150DataAccelGetRaw), (36 bytes).
    Removing mpu9150.o(i.MPU9150DataGyroGetFloat), (128 bytes).
    Removing mpu9150.o(i.MPU9150DataGyroGetRaw), (40 bytes).
    Removing mpu9150.o(i.MPU9150DataMagnetoGetFloat), (160 bytes).
    Removing mpu9150.o(i.MPU9150DataMagnetoGetRaw), (36 bytes).
    Removing mpu9150.o(i.MPU9150MagnetoInstGet), (4 bytes).
    Removing mpu9150.o(i.MPU9150Read), (100 bytes).
    Removing mpu9150.o(i.MPU9150ReadModifyWrite), (88 bytes).
    Removing cpu.o(.emb_text), (38 bytes).
    Removing i2c.o(i.I2CFIFODataGet), (16 bytes).
    Removing i2c.o(i.I2CFIFODataGetNonBlocking), (24 bytes).
    Removing i2c.o(i.I2CFIFODataPut), (16 bytes).
    Removing i2c.o(i.I2CFIFODataPutNonBlocking), (20 bytes).
    Removing i2c.o(i.I2CFIFOStatus), (6 bytes).
    Removing i2c.o(i.I2CIntRegister), (96 bytes).
    Removing i2c.o(i.I2CIntUnregister), (96 bytes).
    Removing i2c.o(i.I2CMasterBurstCountGet), (4 bytes).
    Removing i2c.o(i.I2CMasterBurstLengthSet), (4 bytes).
    Removing i2c.o(i.I2CMasterBusBusy), (12 bytes).
    Removing i2c.o(i.I2CMasterBusy), (12 bytes).
    Removing i2c.o(i.I2CMasterDisable), (10 bytes).
    Removing i2c.o(i.I2CMasterEnable), (10 bytes).
    Removing i2c.o(i.I2CMasterErr), (24 bytes).
    Removing i2c.o(i.I2CMasterGlitchFilterConfigSet), (8 bytes).
    Removing i2c.o(i.I2CMasterIntClearEx), (4 bytes).
    Removing i2c.o(i.I2CMasterIntDisable), (6 bytes).
    Removing i2c.o(i.I2CMasterIntDisableEx), (10 bytes).
    Removing i2c.o(i.I2CMasterIntEnable), (6 bytes).
    Removing i2c.o(i.I2CMasterIntStatus), (24 bytes).
    Removing i2c.o(i.I2CMasterIntStatusEx), (10 bytes).
    Removing i2c.o(i.I2CMasterLineStateGet), (4 bytes).
    Removing i2c.o(i.I2CMasterTimeoutSet), (4 bytes).
    Removing i2c.o(i.I2CRxFIFOConfigSet), (20 bytes).
    Removing i2c.o(i.I2CRxFIFOFlush), (16 bytes).
    Removing i2c.o(i.I2CSlaveACKOverride), (24 bytes).
    Removing i2c.o(i.I2CSlaveACKValueSet), (24 bytes).
    Removing i2c.o(i.I2CSlaveAddressSet), (24 bytes).
    Removing i2c.o(i.I2CSlaveDataGet), (6 bytes).
    Removing i2c.o(i.I2CSlaveDataPut), (6 bytes).
    Removing i2c.o(i.I2CSlaveDisable), (16 bytes).
    Removing i2c.o(i.I2CSlaveEnable), (16 bytes).
    Removing i2c.o(i.I2CSlaveFIFODisable), (8 bytes).
    Removing i2c.o(i.I2CSlaveFIFOEnable), (10 bytes).
    Removing i2c.o(i.I2CSlaveInit), (20 bytes).
    Removing i2c.o(i.I2CSlaveIntClear), (8 bytes).
    Removing i2c.o(i.I2CSlaveIntClearEx), (6 bytes).
    Removing i2c.o(i.I2CSlaveIntDisable), (16 bytes).
    Removing i2c.o(i.I2CSlaveIntDisableEx), (14 bytes).
    Removing i2c.o(i.I2CSlaveIntEnable), (16 bytes).
    Removing i2c.o(i.I2CSlaveIntEnableEx), (14 bytes).
    Removing i2c.o(i.I2CSlaveIntStatus), (28 bytes).
    Removing i2c.o(i.I2CSlaveIntStatusEx), (14 bytes).
    Removing i2c.o(i.I2CSlaveStatus), (6 bytes).
    Removing i2c.o(i.I2CTxFIFOConfigSet), (22 bytes).
    Removing i2c.o(i.I2CTxFIFOFlush), (16 bytes).
    Removing i2c.o(.constdata), (128 bytes).
    Removing interrupt.o(i.IntMasterDisable), (14 bytes).
    Removing interrupt.o(i.IntMasterEnable), (14 bytes).
    Removing interrupt.o(i.IntPendClear), (68 bytes).
    Removing interrupt.o(i.IntPendSet), (84 bytes).
    Removing interrupt.o(i.IntPriorityGet), (28 bytes).
    Removing interrupt.o(i.IntPriorityGroupingGet), (36 bytes).
    Removing interrupt.o(i.IntPriorityGroupingSet), (28 bytes).
    Removing interrupt.o(i.IntPriorityMaskGet), (4 bytes).
    Removing interrupt.o(i.IntPriorityMaskSet), (4 bytes).
    Removing interrupt.o(i.IntPrioritySet), (40 bytes).
    Removing interrupt.o(i.IntRegister), (52 bytes).
    Removing interrupt.o(i.IntUnregister), (20 bytes).
    Removing interrupt.o(i._IntDefaultHandler), (2 bytes).
    Removing interrupt.o(vtable), (620 bytes).
    Removing i2cm_drv.o(i.I2CMRead), (32 bytes).
    Removing i2cm_drv.o(i.I2CMWriteBatched), (36 bytes).
    Removing i2cm_drv.o(i.I2CMReadBatched), (28 bytes).
    Removing i2cm_drv.o(i.I2CMReadModifyWrite16BE), (50 bytes).

184 unused section(s) (total 8509 bytes) removed from the image.

==============================================================================

Image Symbol Table

    Local Symbols

    Symbol Name                              Value     Ov Type        Size  Object(Section)

    RESET                                    0x00000000   Section      540  startup_rvmdk.o(RESET)
    ../clib/angel/boardlib.s                 0x00000000   Number         0  boardshut.o ABSOLUTE
    ../clib/angel/boardlib.s                 0x00000000   Number         0  boardinit1.o ABSOLUTE
    ../clib/angel/boardlib.s                 0x00000000   Number         0  boardinit2.o ABSOLUTE
    ../clib/angel/boardlib.s                 0x00000000   Number         0  boardinit3.o ABSOLUTE
    ../clib/angel/handlers.s                 0x00000000   Number         0  __scatter_copy.o ABSOLUTE
    ../clib/angel/handlers.s                 0x00000000   Number         0  __scatter_zi.o ABSOLUTE
    ../clib/angel/kernel.s                   0x00000000   Number         0  rtentry.o ABSOLUTE
    ../clib/angel/kernel.s                   0x00000000   Number         0  rtentry2.o ABSOLUTE
    ../clib/angel/kernel.s                   0x00000000   Number         0  rtexit.o ABSOLUTE
    ../clib/angel/kernel.s                   0x00000000   Number         0  rtexit2.o ABSOLUTE
    ../clib/angel/kernel.s                   0x00000000   Number         0  rtentry4.o ABSOLUTE
    ../clib/angel/rt.s                       0x00000000   Number         0  rt_errno_addr.o ABSOLUTE
    ../clib/angel/rt.s                       0x00000000   Number         0  rt_raise.o ABSOLUTE
    ../clib/angel/rt.s                       0x00000000   Number         0  rt_errno_addr_intlibspace.o ABSOLUTE
    ../clib/angel/scatter.s                  0x00000000   Number         0  __scatter.o ABSOLUTE
    ../clib/angel/startup.s                  0x00000000   Number         0  __main.o ABSOLUTE
    ../clib/angel/sys.s                      0x00000000   Number         0  use_no_semi.o ABSOLUTE
    ../clib/angel/sys.s                      0x00000000   Number         0  sys_stackheap_outer.o ABSOLUTE
    ../clib/angel/sys.s                      0x00000000   Number         0  indicate_semi.o ABSOLUTE
    ../clib/angel/sys.s                      0x00000000   Number         0  libspace.o ABSOLUTE
    ../clib/angel/sysapp.c                   0x00000000   Number         0  sys_command.o ABSOLUTE
    ../clib/angel/sysapp.c                   0x00000000   Number         0  sys_exit.o ABSOLUTE
    ../clib/angel/sysapp.c                   0x00000000   Number         0  sys_wrch.o ABSOLUTE
    ../clib/armsys.c                         0x00000000   Number         0  _get_argv_nomalloc.o ABSOLUTE
    ../clib/armsys.c                         0x00000000   Number         0  argv_veneer.o ABSOLUTE
    ../clib/armsys.c                         0x00000000   Number         0  argv_veneer.o ABSOLUTE
    ../clib/armsys.c                         0x00000000   Number         0  no_argv.o ABSOLUTE
    ../clib/fenv.c                           0x00000000   Number         0  _rserrno.o ABSOLUTE
    ../clib/heapalloc.c                      0x00000000   Number         0  hrguard.o ABSOLUTE
    ../clib/heapaux.c                        0x00000000   Number         0  heapauxi.o ABSOLUTE
    ../clib/libinit.s                        0x00000000   Number         0  libshutdown2.o ABSOLUTE
    ../clib/libinit.s                        0x00000000   Number         0  libshutdown.o ABSOLUTE
    ../clib/libinit.s                        0x00000000   Number         0  libinit2.o ABSOLUTE
    ../clib/libinit.s                        0x00000000   Number         0  libinit.o ABSOLUTE
    ../clib/signal.c                         0x00000000   Number         0  defsig_exit.o ABSOLUTE
    ../clib/signal.c                         0x00000000   Number         0  __raise.o ABSOLUTE
    ../clib/signal.c                         0x00000000   Number         0  defsig_rtmem_inner.o ABSOLUTE
    ../clib/signal.c                         0x00000000   Number         0  defsig_rtred_inner.o ABSOLUTE
    ../clib/signal.c                         0x00000000   Number         0  defsig_other.o ABSOLUTE
    ../clib/signal.c                         0x00000000   Number         0  defsig_segv_inner.o ABSOLUTE
    ../clib/signal.c                         0x00000000   Number         0  defsig_cppl_inner.o ABSOLUTE
    ../clib/signal.c                         0x00000000   Number         0  defsig_pvfn_inner.o ABSOLUTE
    ../clib/signal.c                         0x00000000   Number         0  defsig_stak_inner.o ABSOLUTE
    ../clib/signal.c                         0x00000000   Number         0  defsig_fpe_inner.o ABSOLUTE
    ../clib/signal.c                         0x00000000   Number         0  defsig_abrt_inner.o ABSOLUTE
    ../clib/signal.c                         0x00000000   Number         0  defsig_rtmem_formal.o ABSOLUTE
    ../clib/signal.c                         0x00000000   Number         0  defsig_rtmem_outer.o ABSOLUTE
    ../clib/signal.c                         0x00000000   Number         0  defsig_general.o ABSOLUTE
    ../clib/signal.s                         0x00000000   Number         0  defsig.o ABSOLUTE
    ../clib/stdlib.c                         0x00000000   Number         0  exit.o ABSOLUTE
    ../fplib/d2f.s                           0x00000000   Number         0  d2f.o ABSOLUTE
    ../fplib/daddsub.s                       0x00000000   Number         0  daddsub_clz.o ABSOLUTE
    ../fplib/dmul.s                          0x00000000   Number         0  dmul.o ABSOLUTE
    ../fplib/dnaninf.s                       0x00000000   Number         0  dnaninf.o ABSOLUTE
    ../fplib/dretinf.s                       0x00000000   Number         0  dretinf.o ABSOLUTE
    ../fplib/f2d.s                           0x00000000   Number         0  f2d.o ABSOLUTE
    ../fplib/fnaninf.s                       0x00000000   Number         0  fnaninf.o ABSOLUTE
    ../fplib/fpinit.s                        0x00000000   Number         0  fpinit.o ABSOLUTE
    ../fplib/fretinf.s                       0x00000000   Number         0  fretinf.o ABSOLUTE
    ../fplib/usenofp.s                       0x00000000   Number         0  usenofp.o ABSOLUTE
    ../mathlib/asinf.c                       0x00000000   Number         0  asinf_x.o ABSOLUTE
    ../mathlib/asinf.c                       0x00000000   Number         0  asinf.o ABSOLUTE
    ../mathlib/atan2f.c                      0x00000000   Number         0  atan2f_x.o ABSOLUTE
    ../mathlib/atan2f.c                      0x00000000   Number         0  atan2f.o ABSOLUTE
    ../mathlib/fpclassifyf.c                 0x00000000   Number         0  fpclassifyf.o ABSOLUTE
    ../mathlib/funder.c                      0x00000000   Number         0  funder.o ABSOLUTE
    ../mathlib/sqrtf.c                       0x00000000   Number         0  sqrtf.o ABSOLUTE
    ../mathlib/sqrtf.c                       0x00000000   Number         0  sqrtf_x.o ABSOLUTE
    ..\..\..\..\utils\uartstdio.c            0x00000000   Number         0  uartstdio.o ABSOLUTE
    ..\..\ek-tm4c1294xl-boostxl-senshub\compdcm_mpu9150\startup_rvmdk.S 0x00000000   Number         0  startup_rvmdk.o ABSOLUTE
    ..\drivers\buttons.c                     0x00000000   Number         0  buttons.o ABSOLUTE
    ..\drivers\pinout.c                      0x00000000   Number         0  pinout.o ABSOLUTE
    comp_dcm.c                               0x00000000   Number         0  comp_dcm.o ABSOLUTE
    cpu.c                                    0x00000000   Number         0  cpu.o ABSOLUTE
    cpu.c                                    0x00000000   Number         0  cpu.o ABSOLUTE
    dc.s                                     0x00000000   Number         0  dc.o ABSOLUTE
    final.c                                  0x00000000   Number         0  final.o ABSOLUTE
    gpio.c                                   0x00000000   Number         0  gpio.o ABSOLUTE
    i2c.c                                    0x00000000   Number         0  i2c.o ABSOLUTE
    i2cm_drv.c                               0x00000000   Number         0  i2cm_drv.o ABSOLUTE
    interrupt.c                              0x00000000   Number         0  interrupt.o ABSOLUTE
    mpu9150.c                                0x00000000   Number         0  mpu9150.o ABSOLUTE
    sysctl.c                                 0x00000000   Number         0  sysctl.o ABSOLUTE
    sysctl.c                                 0x00000000   Number         0  sysctl.o ABSOLUTE
    vector.c                                 0x00000000   Number         0  vector.o ABSOLUTE
    $v0                                      0x00000200   Number         0  startup_rvmdk.o(RESET)
    NmiSR                                    0x00000215   Thumb Code     0  startup_rvmdk.o(RESET)
    FaultISR                                 0x00000217   Thumb Code     0  startup_rvmdk.o(RESET)
    IntDefaultHandler                        0x00000219   Thumb Code     0  startup_rvmdk.o(RESET)
    !!!main                                  0x0000021c   Section        8  __main.o(!!!main)
    !!!scatter                               0x00000224   Section       52  __scatter.o(!!!scatter)
    !!handler_copy                           0x00000258   Section       26  __scatter_copy.o(!!handler_copy)
    !!handler_zi                             0x00000274   Section       28  __scatter_zi.o(!!handler_zi)
    .ARM.Collect$$libinit$$00000000          0x00000290   Section        2  libinit.o(.ARM.Collect$$libinit$$00000000)
    .ARM.Collect$$libinit$$00000001          0x00000292   Section        4  libinit2.o(.ARM.Collect$$libinit$$00000001)
    .ARM.Collect$$libinit$$00000008          0x00000296   Section        0  libinit2.o(.ARM.Collect$$libinit$$00000008)
    .ARM.Collect$$libinit$$0000000A          0x00000296   Section        0  libinit2.o(.ARM.Collect$$libinit$$0000000A)
    .ARM.Collect$$libinit$$0000000C          0x00000296   Section        0  libinit2.o(.ARM.Collect$$libinit$$0000000C)
    .ARM.Collect$$libinit$$0000000F          0x00000296   Section        0  libinit2.o(.ARM.Collect$$libinit$$0000000F)
    .ARM.Collect$$libinit$$00000011          0x00000296   Section        0  libinit2.o(.ARM.Collect$$libinit$$00000011)
    .ARM.Collect$$libinit$$00000013          0x00000296   Section        0  libinit2.o(.ARM.Collect$$libinit$$00000013)
    .ARM.Collect$$libinit$$00000015          0x00000296   Section        0  libinit2.o(.ARM.Collect$$libinit$$00000015)
    .ARM.Collect$$libinit$$00000017          0x00000296   Section        0  libinit2.o(.ARM.Collect$$libinit$$00000017)
    .ARM.Collect$$libinit$$00000019          0x00000296   Section        0  libinit2.o(.ARM.Collect$$libinit$$00000019)
    .ARM.Collect$$libinit$$0000001B          0x00000296   Section        0  libinit2.o(.ARM.Collect$$libinit$$0000001B)
    .ARM.Collect$$libinit$$0000001D          0x00000296   Section        0  libinit2.o(.ARM.Collect$$libinit$$0000001D)
    .ARM.Collect$$libinit$$0000001F          0x00000296   Section        0  libinit2.o(.ARM.Collect$$libinit$$0000001F)
    .ARM.Collect$$libinit$$00000021          0x00000296   Section        0  libinit2.o(.ARM.Collect$$libinit$$00000021)
    .ARM.Collect$$libinit$$00000023          0x00000296   Section        0  libinit2.o(.ARM.Collect$$libinit$$00000023)
    .ARM.Collect$$libinit$$0000002A          0x00000296   Section        0  libinit2.o(.ARM.Collect$$libinit$$0000002A)
    .ARM.Collect$$libinit$$0000002C          0x00000296   Section        0  libinit2.o(.ARM.Collect$$libinit$$0000002C)
    .ARM.Collect$$libinit$$0000002E          0x00000296   Section        0  libinit2.o(.ARM.Collect$$libinit$$0000002E)
    .ARM.Collect$$libinit$$00000030          0x00000296   Section        0  libinit2.o(.ARM.Collect$$libinit$$00000030)
    .ARM.Collect$$libinit$$00000031          0x00000296   Section        2  libinit2.o(.ARM.Collect$$libinit$$00000031)
    .ARM.Collect$$libshutdown$$00000000      0x00000298   Section        2  libshutdown.o(.ARM.Collect$$libshutdown$$00000000)
    .ARM.Collect$$libshutdown$$00000003      0x0000029a   Section        0  libshutdown2.o(.ARM.Collect$$libshutdown$$00000003)
    .ARM.Collect$$libshutdown$$00000006      0x0000029a   Section        0  libshutdown2.o(.ARM.Collect$$libshutdown$$00000006)
    .ARM.Collect$$libshutdown$$00000009      0x0000029a   Section        0  libshutdown2.o(.ARM.Collect$$libshutdown$$00000009)
    .ARM.Collect$$libshutdown$$0000000B      0x0000029a   Section        0  libshutdown2.o(.ARM.Collect$$libshutdown$$0000000B)
    .ARM.Collect$$libshutdown$$0000000E      0x0000029a   Section        0  libshutdown2.o(.ARM.Collect$$libshutdown$$0000000E)
    .ARM.Collect$$libshutdown$$0000000F      0x0000029a   Section        2  libshutdown2.o(.ARM.Collect$$libshutdown$$0000000F)
    .ARM.Collect$$rtentry$$00000000          0x0000029c   Section        0  rtentry.o(.ARM.Collect$$rtentry$$00000000)
    .ARM.Collect$$rtentry$$00000002          0x0000029c   Section        0  rtentry2.o(.ARM.Collect$$rtentry$$00000002)
    .ARM.Collect$$rtentry$$00000004          0x0000029c   Section        6  rtentry4.o(.ARM.Collect$$rtentry$$00000004)
    .ARM.Collect$$rtentry$$00000009          0x000002a2   Section        0  rtentry2.o(.ARM.Collect$$rtentry$$00000009)
    .ARM.Collect$$rtentry$$0000000A          0x000002a2   Section        4  rtentry2.o(.ARM.Collect$$rtentry$$0000000A)
    .ARM.Collect$$rtentry$$0000000C          0x000002a6   Section        0  rtentry2.o(.ARM.Collect$$rtentry$$0000000C)
    .ARM.Collect$$rtentry$$0000000D          0x000002a6   Section        8  rtentry2.o(.ARM.Collect$$rtentry$$0000000D)
    .ARM.Collect$$rtexit$$00000000           0x000002ae   Section        2  rtexit.o(.ARM.Collect$$rtexit$$00000000)
    .ARM.Collect$$rtexit$$00000002           0x000002b0   Section        0  rtexit2.o(.ARM.Collect$$rtexit$$00000002)
    .ARM.Collect$$rtexit$$00000003           0x000002b0   Section        4  rtexit2.o(.ARM.Collect$$rtexit$$00000003)
    .ARM.Collect$$rtexit$$00000004           0x000002b4   Section        6  rtexit2.o(.ARM.Collect$$rtexit$$00000004)
    .text                                    0x000002bc   Section        0  final.o(.text)
    .text                                    0x00000834   Section        0  uartstdio.o(.text)
    IsBufferFull                             0x00000835   Thumb Code    30  uartstdio.o(.text)
    IsBufferEmpty                            0x00000853   Thumb Code    20  uartstdio.o(.text)
    GetBufferCount                           0x00000867   Thumb Code    26  uartstdio.o(.text)
    UARTPrimeTransmit                        0x00000881   Thumb Code   118  uartstdio.o(.text)
    .text                                    0x00000f88   Section       24  startup_rvmdk.o(.text)
    $v0                                      0x00000f88   Number         0  startup_rvmdk.o(.text)
    .text                                    0x00000fa0   Section        0  pinout.o(.text)
    .text                                    0x000012bc   Section        0  heapauxi.o(.text)
    .text                                    0x000012c2   Section        0  _rserrno.o(.text)
    .text                                    0x000012d8   Section        8  rt_errno_addr_intlibspace.o(.text)
    .text                                    0x000012e0   Section        8  libspace.o(.text)
    .text                                    0x000012e8   Section       74  sys_stackheap_outer.o(.text)
    .text                                    0x00001332   Section        0  exit.o(.text)
    .text                                    0x00001340   Section        0  sys_exit.o(.text)
    .text                                    0x0000134c   Section        2  use_no_semi.o(.text)
    .text                                    0x0000134e   Section        0  indicate_semi.o(.text)
    i.CompDCMAccelUpdate                     0x0000134e   Section        0  comp_dcm.o(i.CompDCMAccelUpdate)
    i.CompDCMInit                            0x0000135c   Section        0  comp_dcm.o(i.CompDCMInit)
    i.CompDCMStart                           0x00001398   Section        0  comp_dcm.o(i.CompDCMStart)
    i.CompDCMUpdate                          0x000014b8   Section        0  comp_dcm.o(i.CompDCMUpdate)
    i.GPIODirModeSet                         0x0000179c   Section        0  gpio.o(i.GPIODirModeSet)
    i.GPIOIntClear                           0x000017c4   Section        0  gpio.o(i.GPIOIntClear)
    i.GPIOIntEnable                          0x000017ca   Section        0  gpio.o(i.GPIOIntEnable)
    i.GPIOIntStatus                          0x000017d8   Section        0  gpio.o(i.GPIOIntStatus)
    i.GPIOPadConfigSet                       0x000017e6   Section        0  gpio.o(i.GPIOPadConfigSet)
    i.GPIOPinRead                            0x00001920   Section        0  gpio.o(i.GPIOPinRead)
    i.GPIOPinTypeEthernetLED                 0x00001926   Section        0  gpio.o(i.GPIOPinTypeEthernetLED)
    i.GPIOPinTypeI2CSCL                      0x00001942   Section        0  gpio.o(i.GPIOPinTypeI2CSCL)
    i.GPIOPinWrite                           0x0000195e   Section        0  gpio.o(i.GPIOPinWrite)
    i.I2CMCommand                            0x00001964   Section        0  i2cm_drv.o(i.I2CMCommand)
    i.I2CMInit                               0x000019f2   Section        0  i2cm_drv.o(i.I2CMInit)
    i.I2CMIntHandler                         0x00001a28   Section        0  i2cm_drv.o(i.I2CMIntHandler)
    i.I2CMWrite                              0x00001d42   Section        0  i2cm_drv.o(i.I2CMWrite)
    i.I2CMWrite8                             0x00001d64   Section        0  i2cm_drv.o(i.I2CMWrite8)
    i.I2CMWrite8Callback                     0x00001db8   Section        0  i2cm_drv.o(i.I2CMWrite8Callback)
    I2CMWrite8Callback                       0x00001db9   Thumb Code    94  i2cm_drv.o(i.I2CMWrite8Callback)
    i.I2CMasterControl                       0x00001e16   Section        0  i2c.o(i.I2CMasterControl)
    i.I2CMasterDataGet                       0x00001e1a   Section        0  i2c.o(i.I2CMasterDataGet)
    i.I2CMasterDataPut                       0x00001e1e   Section        0  i2c.o(i.I2CMasterDataPut)
    i.I2CMasterInitExpClk                    0x00001e24   Section        0  i2c.o(i.I2CMasterInitExpClk)
    i.I2CMasterIntClear                      0x00001e78   Section        0  i2c.o(i.I2CMasterIntClear)
    i.I2CMasterIntEnableEx                   0x00001e80   Section        0  i2c.o(i.I2CMasterIntEnableEx)
    i.I2CMasterSlaveAddrSet                  0x00001e88   Section        0  i2c.o(i.I2CMasterSlaveAddrSet)
    i.IntDisable                             0x00001e90   Section        0  interrupt.o(i.IntDisable)
    i.IntEnable                              0x00001ef4   Section        0  interrupt.o(i.IntEnable)
    i.IntIsEnabled                           0x00001f58   Section        0  interrupt.o(i.IntIsEnabled)
    i.IntTrigger                             0x00001fb8   Section        0  interrupt.o(i.IntTrigger)
    i.MPU9150Callback                        0x00001fc4   Section        0  mpu9150.o(i.MPU9150Callback)
    MPU9150Callback                          0x00001fc5   Thumb Code   564  mpu9150.o(i.MPU9150Callback)
    i.MPU9150DataAccelGetFloat               0x000021fc   Section        0  mpu9150.o(i.MPU9150DataAccelGetFloat)
    i.MPU9150DataRead                        0x00002268   Section        0  mpu9150.o(i.MPU9150DataRead)
    i.MPU9150Init                            0x000022cc   Section        0  mpu9150.o(i.MPU9150Init)
    i.MPU9150Write                           0x0000232c   Section        0  mpu9150.o(i.MPU9150Write)
    i.SysCtlClockFreqSet                     0x000023cc   Section        0  sysctl.o(i.SysCtlClockFreqSet)
    i.VectorAdd                              0x00002694   Section        0  vector.o(i.VectorAdd)
    i.VectorCrossProduct                     0x000026c6   Section        0  vector.o(i.VectorCrossProduct)
    i.VectorDotProduct                       0x0000271c   Section        0  vector.o(i.VectorDotProduct)
    i.VectorScale                            0x00002742   Section        0  vector.o(i.VectorScale)
    i.__hardfp_sqrtf                         0x00002768   Section        0  sqrtf.o(i.__hardfp_sqrtf)
    x$fpl$d2f                                0x000027a4   Section       98  d2f.o(x$fpl$d2f)
    $v0                                      0x000027a4   Number         0  d2f.o(x$fpl$d2f)
    x$fpl$dadd                               0x00002808   Section      336  daddsub_clz.o(x$fpl$dadd)
    $v0                                      0x00002808   Number         0  daddsub_clz.o(x$fpl$dadd)
    _dadd1                                   0x00002819   Thumb Code     0  daddsub_clz.o(x$fpl$dadd)
    x$fpl$dmul                               0x00002958   Section      340  dmul.o(x$fpl$dmul)
    $v0                                      0x00002958   Number         0  dmul.o(x$fpl$dmul)
    x$fpl$dnaninf                            0x00002aac   Section      156  dnaninf.o(x$fpl$dnaninf)
    $v0                                      0x00002aac   Number         0  dnaninf.o(x$fpl$dnaninf)
    x$fpl$dretinf                            0x00002b48   Section       12  dretinf.o(x$fpl$dretinf)
    $v0                                      0x00002b48   Number         0  dretinf.o(x$fpl$dretinf)
    x$fpl$drsb                               0x00002b54   Section       22  daddsub_clz.o(x$fpl$drsb)
    $v0                                      0x00002b54   Number         0  daddsub_clz.o(x$fpl$drsb)
    x$fpl$dsub                               0x00002b6c   Section      468  daddsub_clz.o(x$fpl$dsub)
    $v0                                      0x00002b6c   Number         0  daddsub_clz.o(x$fpl$dsub)
    _dsub1                                   0x00002b7d   Thumb Code     0  daddsub_clz.o(x$fpl$dsub)
    x$fpl$f2d                                0x00002d40   Section       86  f2d.o(x$fpl$f2d)
    $v0                                      0x00002d40   Number         0  f2d.o(x$fpl$f2d)
    x$fpl$fnaninf                            0x00002d96   Section      140  fnaninf.o(x$fpl$fnaninf)
    $v0                                      0x00002d96   Number         0  fnaninf.o(x$fpl$fnaninf)
    x$fpl$fpinit                             0x00002e22   Section       10  fpinit.o(x$fpl$fpinit)
    $v0                                      0x00002e22   Number         0  fpinit.o(x$fpl$fpinit)
    x$fpl$fretinf                            0x00002e2c   Section       10  fretinf.o(x$fpl$fretinf)
    $v0                                      0x00002e2c   Number         0  fretinf.o(x$fpl$fretinf)
    x$fpl$usenofp                            0x00002e36   Section        0  usenofp.o(x$fpl$usenofp)
    .constdata                               0x00002e38   Section       78  final.o(.constdata)
    .constdata                               0x00002e88   Section       40  uartstdio.o(.constdata)
    g_pcHex                                  0x00002e88   Data           4  uartstdio.o(.constdata)
    g_ui32UARTBase                           0x00002e8c   Data          12  uartstdio.o(.constdata)
    g_ui32UARTInt                            0x00002e98   Data          12  uartstdio.o(.constdata)
    g_ui32UARTPeriph                         0x00002ea4   Data          12  uartstdio.o(.constdata)
    .constdata                               0x00002eb0   Section      452  sysctl.o(.constdata)
    g_pui32VCOFrequencies                    0x00002eb0   Data           8  sysctl.o(.constdata)
    g_pui32Xtals                             0x00002eb8   Data         108  sysctl.o(.constdata)
    g_pppui32XTALtoVCO                       0x00002f24   Data         288  sysctl.o(.constdata)
    g_sXTALtoMEMTIM                          0x00003044   Data          48  sysctl.o(.constdata)
    .constdata                               0x00003074   Section       32  mpu9150.o(.constdata)
    g_fMPU9150AccelFactors                   0x00003074   Data          16  mpu9150.o(.constdata)
    g_fMPU9150GyroFactors                    0x00003084   Data          16  mpu9150.o(.constdata)
    .constdata                               0x00003094   Section      268  interrupt.o(.constdata)
    g_pui32Priority                          0x00003094   Data          32  interrupt.o(.constdata)
    g_pui32Regs                              0x000030b4   Data         156  interrupt.o(.constdata)
    g_pui32EnRegs                            0x00003150   Data          20  interrupt.o(.constdata)
    g_pui32Dii16Regs                         0x00003164   Data          20  interrupt.o(.constdata)
    g_pui32PendRegs                          0x00003178   Data          20  interrupt.o(.constdata)
    g_pui32UnpendRegs                        0x0000318c   Data          20  interrupt.o(.constdata)
    .conststring                             0x000031a0   Section       17  uartstdio.o(.conststring)
    .data                                    0x20000000   Section       20  final.o(.data)
    .data                                    0x20000014   Section       28  uartstdio.o(.data)
    g_ui32UARTTxWriteIndex                   0x20000014   Data           4  uartstdio.o(.data)
    g_ui32UARTTxReadIndex                    0x20000018   Data           4  uartstdio.o(.data)
    g_ui32UARTRxWriteIndex                   0x2000001c   Data           4  uartstdio.o(.data)
    g_ui32UARTRxReadIndex                    0x20000020   Data           4  uartstdio.o(.data)
    g_ui32Base                               0x20000024   Data           4  uartstdio.o(.data)
    bLastWasCR                               0x20000028   Data           1  uartstdio.o(.data)
    g_bDisableEcho                           0x20000029   Data           1  uartstdio.o(.data)
    g_ui32PortNum                            0x2000002c   Data           4  uartstdio.o(.data)
    .bss                                     0x20000030   Section      488  final.o(.bss)
    .bss                                     0x20000218   Section     1152  uartstdio.o(.bss)
    g_pcUARTTxBuffer                         0x20000218   Data        1024  uartstdio.o(.bss)
    g_pcUARTRxBuffer                         0x20000618   Data         128  uartstdio.o(.bss)
    .bss                                     0x20000698   Section       96  libspace.o(.bss)
    HEAP                                     0x200006f8   Section        0  startup_rvmdk.o(HEAP)
    STACK                                    0x200006f8   Section     1024  startup_rvmdk.o(STACK)
    HeapMem                                  0x200006f8   Data           0  startup_rvmdk.o(HEAP)
    StackMem                                 0x200006f8   Data           0  startup_rvmdk.o(STACK)

    Global Symbols

    Symbol Name                              Value     Ov Type        Size  Object(Section)

    BuildAttributes$$THM_ISAv4$E$P$D$K$B$S$7EM$VFPi3$EXTD16$VFPS$VFMA$PE$A:L22UL41UL21$X:L11$S22US41US21$IEEE1$IW$USESV6$~STKCKD$USESV7$~SHL$OTIME$ROPI$IEEEX$EBA8$UX$STANDARDLIB$REQ8$PRES8$EABIv2 0x00000000   Number         0  anon$$obj.o ABSOLUTE
    __ARM_use_no_argv                        0x00000000   Number         0  final.o ABSOLUTE
    __Vectors                                0x00000000   Data           0  startup_rvmdk.o(RESET)
    __ARM_exceptions_init                     - Undefined Weak Reference
    __alloca_initialize                       - Undefined Weak Reference
    __cpp_initialize__aeabi_                  - Undefined Weak Reference
    __cxa_finalize                            - Undefined Weak Reference
    __rt_locale                               - Undefined Weak Reference
    __sigvec_lookup                           - Undefined Weak Reference
    _atexit_init                              - Undefined Weak Reference
    _call_atexit_fns                          - Undefined Weak Reference
    _clock_init                               - Undefined Weak Reference
    _fp_trap_init                             - Undefined Weak Reference
    _fp_trap_shutdown                         - Undefined Weak Reference
    _get_lc_collate                           - Undefined Weak Reference
    _get_lc_ctype                             - Undefined Weak Reference
    _get_lc_monetary                          - Undefined Weak Reference
    _get_lc_numeric                           - Undefined Weak Reference
    _get_lc_time                              - Undefined Weak Reference
    _getenv_init                              - Undefined Weak Reference
    _handle_redirection                       - Undefined Weak Reference
    _init_alloc                               - Undefined Weak Reference
    _init_user_alloc                          - Undefined Weak Reference
    _initio                                   - Undefined Weak Reference
    _rand_init                                - Undefined Weak Reference
    _signal_finish                            - Undefined Weak Reference
    _signal_init                              - Undefined Weak Reference
    _terminate_alloc                          - Undefined Weak Reference
    _terminate_user_alloc                     - Undefined Weak Reference
    _terminateio                              - Undefined Weak Reference
    Reset_Handler                            0x00000201   Thumb Code     0  startup_rvmdk.o(RESET)
    __main                                   0x0000021d   Thumb Code     8  __main.o(!!!main)
    __scatterload                            0x00000225   Thumb Code     0  __scatter.o(!!!scatter)
    __scatterload_rt2                        0x00000225   Thumb Code    44  __scatter.o(!!!scatter)
    __scatterload_rt2_thumb_only             0x00000225   Thumb Code     0  __scatter.o(!!!scatter)
    __scatterload_null                       0x00000233   Thumb Code     0  __scatter.o(!!!scatter)
    __scatterload_copy                       0x00000259   Thumb Code    26  __scatter_copy.o(!!handler_copy)
    __scatterload_zeroinit                   0x00000275   Thumb Code    28  __scatter_zi.o(!!handler_zi)
    __rt_lib_init                            0x00000291   Thumb Code     0  libinit.o(.ARM.Collect$$libinit$$00000000)
    __rt_lib_init_fp_1                       0x00000293   Thumb Code     0  libinit2.o(.ARM.Collect$$libinit$$00000001)
    __rt_lib_init_alloca_1                   0x00000297   Thumb Code     0  libinit2.o(.ARM.Collect$$libinit$$0000002C)
    __rt_lib_init_argv_1                     0x00000297   Thumb Code     0  libinit2.o(.ARM.Collect$$libinit$$0000002A)
    __rt_lib_init_atexit_1                   0x00000297   Thumb Code     0  libinit2.o(.ARM.Collect$$libinit$$00000019)
    __rt_lib_init_clock_1                    0x00000297   Thumb Code     0  libinit2.o(.ARM.Collect$$libinit$$0000001F)
    __rt_lib_init_cpp_1                      0x00000297   Thumb Code     0  libinit2.o(.ARM.Collect$$libinit$$00000030)
    __rt_lib_init_exceptions_1               0x00000297   Thumb Code     0  libinit2.o(.ARM.Collect$$libinit$$0000002E)
    __rt_lib_init_fp_trap_1                  0x00000297   Thumb Code     0  libinit2.o(.ARM.Collect$$libinit$$0000001D)
    __rt_lib_init_getenv_1                   0x00000297   Thumb Code     0  libinit2.o(.ARM.Collect$$libinit$$00000021)
    __rt_lib_init_heap_1                     0x00000297   Thumb Code     0  libinit2.o(.ARM.Collect$$libinit$$00000008)
    __rt_lib_init_lc_collate_1               0x00000297   Thumb Code     0  libinit2.o(.ARM.Collect$$libinit$$0000000F)
    __rt_lib_init_lc_ctype_1                 0x00000297   Thumb Code     0  libinit2.o(.ARM.Collect$$libinit$$00000011)
    __rt_lib_init_lc_monetary_1              0x00000297   Thumb Code     0  libinit2.o(.ARM.Collect$$libinit$$00000013)
    __rt_lib_init_lc_numeric_1               0x00000297   Thumb Code     0  libinit2.o(.ARM.Collect$$libinit$$00000015)
    __rt_lib_init_lc_time_1                  0x00000297   Thumb Code     0  libinit2.o(.ARM.Collect$$libinit$$00000017)
    __rt_lib_init_rand_1                     0x00000297   Thumb Code     0  libinit2.o(.ARM.Collect$$libinit$$0000000C)
    __rt_lib_init_return                     0x00000297   Thumb Code     0  libinit2.o(.ARM.Collect$$libinit$$00000031)
    __rt_lib_init_signal_1                   0x00000297   Thumb Code     0  libinit2.o(.ARM.Collect$$libinit$$0000001B)
    __rt_lib_init_stdio_1                    0x00000297   Thumb Code     0  libinit2.o(.ARM.Collect$$libinit$$00000023)
    __rt_lib_init_user_alloc_1               0x00000297   Thumb Code     0  libinit2.o(.ARM.Collect$$libinit$$0000000A)
    __rt_lib_shutdown                        0x00000299   Thumb Code     0  libshutdown.o(.ARM.Collect$$libshutdown$$00000000)
    __rt_lib_shutdown_fp_trap_1              0x0000029b   Thumb Code     0  libshutdown2.o(.ARM.Collect$$libshutdown$$00000006)
    __rt_lib_shutdown_heap_1                 0x0000029b   Thumb Code     0  libshutdown2.o(.ARM.Collect$$libshutdown$$0000000E)
    __rt_lib_shutdown_return                 0x0000029b   Thumb Code     0  libshutdown2.o(.ARM.Collect$$libshutdown$$0000000F)
    __rt_lib_shutdown_signal_1               0x0000029b   Thumb Code     0  libshutdown2.o(.ARM.Collect$$libshutdown$$00000009)
    __rt_lib_shutdown_stdio_1                0x0000029b   Thumb Code     0  libshutdown2.o(.ARM.Collect$$libshutdown$$00000003)
    __rt_lib_shutdown_user_alloc_1           0x0000029b   Thumb Code     0  libshutdown2.o(.ARM.Collect$$libshutdown$$0000000B)
    __rt_entry                               0x0000029d   Thumb Code     0  rtentry.o(.ARM.Collect$$rtentry$$00000000)
    __rt_entry_presh_1                       0x0000029d   Thumb Code     0  rtentry2.o(.ARM.Collect$$rtentry$$00000002)
    __rt_entry_sh                            0x0000029d   Thumb Code     0  rtentry4.o(.ARM.Collect$$rtentry$$00000004)
    __rt_entry_li                            0x000002a3   Thumb Code     0  rtentry2.o(.ARM.Collect$$rtentry$$0000000A)
    __rt_entry_postsh_1                      0x000002a3   Thumb Code     0  rtentry2.o(.ARM.Collect$$rtentry$$00000009)
    __rt_entry_main                          0x000002a7   Thumb Code     0  rtentry2.o(.ARM.Collect$$rtentry$$0000000D)
    __rt_entry_postli_1                      0x000002a7   Thumb Code     0  rtentry2.o(.ARM.Collect$$rtentry$$0000000C)
    __rt_exit                                0x000002af   Thumb Code     0  rtexit.o(.ARM.Collect$$rtexit$$00000000)
    __rt_exit_ls                             0x000002b1   Thumb Code     0  rtexit2.o(.ARM.Collect$$rtexit$$00000003)
    __rt_exit_prels_1                        0x000002b1   Thumb Code     0  rtexit2.o(.ARM.Collect$$rtexit$$00000002)
    __rt_exit_exit                           0x000002b5   Thumb Code     0  rtexit2.o(.ARM.Collect$$rtexit$$00000004)
    MPU9150AppCallback                       0x000002bd   Thumb Code    28  final.o(.text)
    GPIOPortMIntHandler                      0x000002d9   Thumb Code    48  final.o(.text)
    MPU9150I2CIntHandler                     0x00000309   Thumb Code    10  final.o(.text)
    MPU9150AppErrorHandler                   0x00000313   Thumb Code    90  final.o(.text)
    MPU9150AppI2CWait                        0x0000036d   Thumb Code    44  final.o(.text)
    ConfigureUART                            0x00000399   Thumb Code    84  final.o(.text)
    main                                     0x000003ed   Thumb Code  1048  final.o(.text)
    UARTFlushTx                              0x000008f7   Thumb Code    58  uartstdio.o(.text)
    UARTFlushRx                              0x00000931   Thumb Code    38  uartstdio.o(.text)
    UARTStdioConfig                          0x00000957   Thumb Code   178  uartstdio.o(.text)
    UARTwrite                                0x00000a09   Thumb Code   146  uartstdio.o(.text)
    UARTgets                                 0x00000a9b   Thumb Code    84  uartstdio.o(.text)
    UARTgetc                                 0x00000aef   Thumb Code    42  uartstdio.o(.text)
    UARTvprintf                              0x00000b19   Thumb Code   624  uartstdio.o(.text)
    UARTprintf                               0x00000d89   Thumb Code    26  uartstdio.o(.text)
    UARTRxBytesAvail                         0x00000da3   Thumb Code    14  uartstdio.o(.text)
    UARTTxBytesFree                          0x00000db1   Thumb Code    20  uartstdio.o(.text)
    UARTPeek                                 0x00000dc5   Thumb Code    58  uartstdio.o(.text)
    UARTEchoSet                              0x00000dff   Thumb Code    10  uartstdio.o(.text)
    UARTStdioIntHandler                      0x00000e09   Thumb Code   330  uartstdio.o(.text)
    __user_initial_stackheap                 0x00000f89   Thumb Code     0  startup_rvmdk.o(.text)
    PinoutSet                                0x00000fa1   Thumb Code   520  pinout.o(.text)
    LEDWrite                                 0x000011a9   Thumb Code   144  pinout.o(.text)
    LEDRead                                  0x00001239   Thumb Code    82  pinout.o(.text)
    __use_two_region_memory                  0x000012bd   Thumb Code     2  heapauxi.o(.text)
    __rt_heap_escrow$2region                 0x000012bf   Thumb Code     2  heapauxi.o(.text)
    __rt_heap_expand$2region                 0x000012c1   Thumb Code     2  heapauxi.o(.text)
    __read_errno                             0x000012c3   Thumb Code    10  _rserrno.o(.text)
    __set_errno                              0x000012cd   Thumb Code    12  _rserrno.o(.text)
    __aeabi_errno_addr                       0x000012d9   Thumb Code     8  rt_errno_addr_intlibspace.o(.text)
    __errno$intlibspace                      0x000012d9   Thumb Code     0  rt_errno_addr_intlibspace.o(.text)
    __rt_errno_addr$intlibspace              0x000012d9   Thumb Code     0  rt_errno_addr_intlibspace.o(.text)
    __user_libspace                          0x000012e1   Thumb Code     8  libspace.o(.text)
    __user_perproc_libspace                  0x000012e1   Thumb Code     0  libspace.o(.text)
    __user_perthread_libspace                0x000012e1   Thumb Code     0  libspace.o(.text)
    __user_setup_stackheap                   0x000012e9   Thumb Code    74  sys_stackheap_outer.o(.text)
    exit                                     0x00001333   Thumb Code    12  exit.o(.text)
    _sys_exit                                0x00001341   Thumb Code     8  sys_exit.o(.text)
    __I$use$semihosting                      0x0000134d   Thumb Code     0  use_no_semi.o(.text)
    __use_no_semihosting_swi                 0x0000134d   Thumb Code     2  use_no_semi.o(.text)
    CompDCMAccelUpdate                       0x0000134f   Thumb Code    14  comp_dcm.o(i.CompDCMAccelUpdate)
    __semihosting_library_function           0x0000134f   Thumb Code     0  indicate_semi.o(.text)
    CompDCMInit                              0x0000135d   Thumb Code    54  comp_dcm.o(i.CompDCMInit)
    CompDCMStart                             0x00001399   Thumb Code   288  comp_dcm.o(i.CompDCMStart)
    CompDCMUpdate                            0x000014b9   Thumb Code   716  comp_dcm.o(i.CompDCMUpdate)
    GPIODirModeSet                           0x0000179d   Thumb Code    40  gpio.o(i.GPIODirModeSet)
    GPIOIntClear                             0x000017c5   Thumb Code     6  gpio.o(i.GPIOIntClear)
    GPIOIntEnable                            0x000017cb   Thumb Code    14  gpio.o(i.GPIOIntEnable)
    GPIOIntStatus                            0x000017d9   Thumb Code    14  gpio.o(i.GPIOIntStatus)
    GPIOPadConfigSet                         0x000017e7   Thumb Code   314  gpio.o(i.GPIOPadConfigSet)
    GPIOPinRead                              0x00001921   Thumb Code     6  gpio.o(i.GPIOPinRead)
    GPIOPinTypeEthernetLED                   0x00001927   Thumb Code    28  gpio.o(i.GPIOPinTypeEthernetLED)
    GPIOPinTypeI2CSCL                        0x00001943   Thumb Code    28  gpio.o(i.GPIOPinTypeI2CSCL)
    GPIOPinWrite                             0x0000195f   Thumb Code     6  gpio.o(i.GPIOPinWrite)
    I2CMCommand                              0x00001965   Thumb Code   142  i2cm_drv.o(i.I2CMCommand)
    I2CMInit                                 0x000019f3   Thumb Code    54  i2cm_drv.o(i.I2CMInit)
    I2CMIntHandler                           0x00001a29   Thumb Code   794  i2cm_drv.o(i.I2CMIntHandler)
    I2CMWrite                                0x00001d43   Thumb Code    32  i2cm_drv.o(i.I2CMWrite)
    I2CMWrite8                               0x00001d65   Thumb Code    80  i2cm_drv.o(i.I2CMWrite8)
    I2CMasterControl                         0x00001e17   Thumb Code     4  i2c.o(i.I2CMasterControl)
    I2CMasterDataGet                         0x00001e1b   Thumb Code     4  i2c.o(i.I2CMasterDataGet)
    I2CMasterDataPut                         0x00001e1f   Thumb Code     4  i2c.o(i.I2CMasterDataPut)
    I2CMasterInitExpClk                      0x00001e25   Thumb Code    72  i2c.o(i.I2CMasterInitExpClk)
    I2CMasterIntClear                        0x00001e79   Thumb Code     8  i2c.o(i.I2CMasterIntClear)
    I2CMasterIntEnableEx                     0x00001e81   Thumb Code     8  i2c.o(i.I2CMasterIntEnableEx)
    I2CMasterSlaveAddrSet                    0x00001e89   Thumb Code     8  i2c.o(i.I2CMasterSlaveAddrSet)
    IntDisable                               0x00001e91   Thumb Code    92  interrupt.o(i.IntDisable)
    IntEnable                                0x00001ef5   Thumb Code    92  interrupt.o(i.IntEnable)
    IntIsEnabled                             0x00001f59   Thumb Code    88  interrupt.o(i.IntIsEnabled)
    IntTrigger                               0x00001fb9   Thumb Code     8  interrupt.o(i.IntTrigger)
    MPU9150DataAccelGetFloat                 0x000021fd   Thumb Code   104  mpu9150.o(i.MPU9150DataAccelGetFloat)
    MPU9150DataRead                          0x00002269   Thumb Code    94  mpu9150.o(i.MPU9150DataRead)
    MPU9150Init                              0x000022cd   Thumb Code    92  mpu9150.o(i.MPU9150Init)
    MPU9150Write                             0x0000232d   Thumb Code   154  mpu9150.o(i.MPU9150Write)
    SysCtlClockFreqSet                       0x000023cd   Thumb Code   672  sysctl.o(i.SysCtlClockFreqSet)
    VectorAdd                                0x00002695   Thumb Code    50  vector.o(i.VectorAdd)
    VectorCrossProduct                       0x000026c7   Thumb Code    86  vector.o(i.VectorCrossProduct)
    VectorDotProduct                         0x0000271d   Thumb Code    38  vector.o(i.VectorDotProduct)
    VectorScale                              0x00002743   Thumb Code    38  vector.o(i.VectorScale)
    __hardfp_sqrtf                           0x00002769   Thumb Code    58  sqrtf.o(i.__hardfp_sqrtf)
    __aeabi_d2f                              0x000027a5   Thumb Code     0  d2f.o(x$fpl$d2f)
    _d2f                                     0x000027a5   Thumb Code    98  d2f.o(x$fpl$d2f)
    __aeabi_dadd                             0x00002809   Thumb Code     0  daddsub_clz.o(x$fpl$dadd)
    _dadd                                    0x00002809   Thumb Code   332  daddsub_clz.o(x$fpl$dadd)
    __aeabi_dmul                             0x00002959   Thumb Code     0  dmul.o(x$fpl$dmul)
    _dmul                                    0x00002959   Thumb Code   332  dmul.o(x$fpl$dmul)
    __fpl_dnaninf                            0x00002aad   Thumb Code   156  dnaninf.o(x$fpl$dnaninf)
    __fpl_dretinf                            0x00002b49   Thumb Code    12  dretinf.o(x$fpl$dretinf)
    __aeabi_drsub                            0x00002b55   Thumb Code     0  daddsub_clz.o(x$fpl$drsb)
    _drsb                                    0x00002b55   Thumb Code    22  daddsub_clz.o(x$fpl$drsb)
    __aeabi_dsub                             0x00002b6d   Thumb Code     0  daddsub_clz.o(x$fpl$dsub)
    _dsub                                    0x00002b6d   Thumb Code   464  daddsub_clz.o(x$fpl$dsub)
    __aeabi_f2d                              0x00002d41   Thumb Code     0  f2d.o(x$fpl$f2d)
    _f2d                                     0x00002d41   Thumb Code    86  f2d.o(x$fpl$f2d)
    __fpl_fnaninf                            0x00002d97   Thumb Code   140  fnaninf.o(x$fpl$fnaninf)
    _fp_init                                 0x00002e23   Thumb Code    10  fpinit.o(x$fpl$fpinit)
    __fplib_config_fpu_vfp                   0x00002e2b   Thumb Code     0  fpinit.o(x$fpl$fpinit)
    __fplib_config_pureend_doubles           0x00002e2b   Thumb Code     0  fpinit.o(x$fpl$fpinit)
    __fpl_fretinf                            0x00002e2d   Thumb Code    10  fretinf.o(x$fpl$fretinf)
    __I$use$fp                               0x00002e36   Number         0  usenofp.o(x$fpl$usenofp)
    Region$$Table$$Base                      0x000031b4   Number         0  anon$$obj.o(Region$$Table)
    Region$$Table$$Limit                     0x000031d4   Number         0  anon$$obj.o(Region$$Table)
    g_ui32SysClock                           0x20000000   Data           4  final.o(.data)
    g_vui8I2CDoneFlag                        0x20000004   Data           4  final.o(.data)
    g_vui8ErrorFlag                          0x20000008   Data           4  final.o(.data)
    g_vui8DataFlag                           0x2000000c   Data           4  final.o(.data)
    g_ui32PrintSkipCounter                   0x20000010   Data           4  final.o(.data)
    g_sI2CInst                               0x20000030   Data         292  final.o(.bss)
    g_sMPU9150Inst                           0x20000154   Data         108  final.o(.bss)
    g_sCompDCMInst                           0x200001c0   Data          88  final.o(.bss)
    __libspace_start                         0x20000698   Data          96  libspace.o(.bss)
    __temporary_stack_top$libspace           0x200006f8   Data           0  libspace.o(.bss)



==============================================================================

Memory Map of the image

  Image Entry point : 0x00000201

  Load Region LR_1 (Base: 0x00000000, Size: 0x00003204, Max: 0xffffffff, ABSOLUTE)

    Execution Region ER_RO (Base: 0x00000000, Size: 0x000031d4, Max: 0xffffffff, ABSOLUTE)

    Base Addr    Size         Type   Attr      Idx    E Section Name        Object

    0x00000000   0x0000021c   Code   RO          119  * RESET               startup_rvmdk.o
    0x0000021c   0x00000008   Code   RO         1632  * !!!main             c_w.l(__main.o)
    0x00000224   0x00000034   Code   RO         1854    !!!scatter          c_w.l(__scatter.o)
    0x00000258   0x0000001a   Code   RO         1856    !!handler_copy      c_w.l(__scatter_copy.o)
    0x00000272   0x00000002   PAD
    0x00000274   0x0000001c   Code   RO         1858    !!handler_zi        c_w.l(__scatter_zi.o)
    0x00000290   0x00000002   Code   RO         1730    .ARM.Collect$$libinit$$00000000  c_w.l(libinit.o)
    0x00000292   0x00000004   Code   RO         1733    .ARM.Collect$$libinit$$00000001  c_w.l(libinit2.o)
    0x00000296   0x00000000   Code   RO         1737    .ARM.Collect$$libinit$$00000008  c_w.l(libinit2.o)
    0x00000296   0x00000000   Code   RO         1739    .ARM.Collect$$libinit$$0000000A  c_w.l(libinit2.o)
    0x00000296   0x00000000   Code   RO         1741    .ARM.Collect$$libinit$$0000000C  c_w.l(libinit2.o)
    0x00000296   0x00000000   Code   RO         1744    .ARM.Collect$$libinit$$0000000F  c_w.l(libinit2.o)
    0x00000296   0x00000000   Code   RO         1746    .ARM.Collect$$libinit$$00000011  c_w.l(libinit2.o)
    0x00000296   0x00000000   Code   RO         1748    .ARM.Collect$$libinit$$00000013  c_w.l(libinit2.o)
    0x00000296   0x00000000   Code   RO         1750    .ARM.Collect$$libinit$$00000015  c_w.l(libinit2.o)
    0x00000296   0x00000000   Code   RO         1752    .ARM.Collect$$libinit$$00000017  c_w.l(libinit2.o)
    0x00000296   0x00000000   Code   RO         1754    .ARM.Collect$$libinit$$00000019  c_w.l(libinit2.o)
    0x00000296   0x00000000   Code   RO         1756    .ARM.Collect$$libinit$$0000001B  c_w.l(libinit2.o)
    0x00000296   0x00000000   Code   RO         1758    .ARM.Collect$$libinit$$0000001D  c_w.l(libinit2.o)
    0x00000296   0x00000000   Code   RO         1760    .ARM.Collect$$libinit$$0000001F  c_w.l(libinit2.o)
    0x00000296   0x00000000   Code   RO         1762    .ARM.Collect$$libinit$$00000021  c_w.l(libinit2.o)
    0x00000296   0x00000000   Code   RO         1764    .ARM.Collect$$libinit$$00000023  c_w.l(libinit2.o)
    0x00000296   0x00000000   Code   RO         1768    .ARM.Collect$$libinit$$0000002A  c_w.l(libinit2.o)
    0x00000296   0x00000000   Code   RO         1770    .ARM.Collect$$libinit$$0000002C  c_w.l(libinit2.o)
    0x00000296   0x00000000   Code   RO         1772    .ARM.Collect$$libinit$$0000002E  c_w.l(libinit2.o)
    0x00000296   0x00000000   Code   RO         1774    .ARM.Collect$$libinit$$00000030  c_w.l(libinit2.o)
    0x00000296   0x00000002   Code   RO         1775    .ARM.Collect$$libinit$$00000031  c_w.l(libinit2.o)
    0x00000298   0x00000002   Code   RO         1795    .ARM.Collect$$libshutdown$$00000000  c_w.l(libshutdown.o)
    0x0000029a   0x00000000   Code   RO         1809    .ARM.Collect$$libshutdown$$00000003  c_w.l(libshutdown2.o)
    0x0000029a   0x00000000   Code   RO         1812    .ARM.Collect$$libshutdown$$00000006  c_w.l(libshutdown2.o)
    0x0000029a   0x00000000   Code   RO         1815    .ARM.Collect$$libshutdown$$00000009  c_w.l(libshutdown2.o)
    0x0000029a   0x00000000   Code   RO         1817    .ARM.Collect$$libshutdown$$0000000B  c_w.l(libshutdown2.o)
    0x0000029a   0x00000000   Code   RO         1820    .ARM.Collect$$libshutdown$$0000000E  c_w.l(libshutdown2.o)
    0x0000029a   0x00000002   Code   RO         1821    .ARM.Collect$$libshutdown$$0000000F  c_w.l(libshutdown2.o)
    0x0000029c   0x00000000   Code   RO         1682    .ARM.Collect$$rtentry$$00000000  c_w.l(rtentry.o)
    0x0000029c   0x00000000   Code   RO         1699    .ARM.Collect$$rtentry$$00000002  c_w.l(rtentry2.o)
    0x0000029c   0x00000006   Code   RO         1711    .ARM.Collect$$rtentry$$00000004  c_w.l(rtentry4.o)
    0x000002a2   0x00000000   Code   RO         1701    .ARM.Collect$$rtentry$$00000009  c_w.l(rtentry2.o)
    0x000002a2   0x00000004   Code   RO         1702    .ARM.Collect$$rtentry$$0000000A  c_w.l(rtentry2.o)
    0x000002a6   0x00000000   Code   RO         1704    .ARM.Collect$$rtentry$$0000000C  c_w.l(rtentry2.o)
    0x000002a6   0x00000008   Code   RO         1705    .ARM.Collect$$rtentry$$0000000D  c_w.l(rtentry2.o)
    0x000002ae   0x00000002   Code   RO         1731    .ARM.Collect$$rtexit$$00000000  c_w.l(rtexit.o)
    0x000002b0   0x00000000   Code   RO         1777    .ARM.Collect$$rtexit$$00000002  c_w.l(rtexit2.o)
    0x000002b0   0x00000004   Code   RO         1778    .ARM.Collect$$rtexit$$00000003  c_w.l(rtexit2.o)
    0x000002b4   0x00000006   Code   RO         1779    .ARM.Collect$$rtexit$$00000004  c_w.l(rtexit2.o)
    0x000002ba   0x00000002   PAD
    0x000002bc   0x00000578   Code   RO            1    .text               final.o
    0x00000834   0x00000754   Code   RO           94    .text               uartstdio.o
    0x00000f88   0x00000018   Code   RO          120    .text               startup_rvmdk.o
    0x00000fa0   0x0000031c   Code   RO          143    .text               pinout.o
    0x000012bc   0x00000006   Code   RO         1630    .text               c_w.l(heapauxi.o)
    0x000012c2   0x00000016   Code   RO         1683    .text               c_w.l(_rserrno.o)
    0x000012d8   0x00000008   Code   RO         1716    .text               c_w.l(rt_errno_addr_intlibspace.o)
    0x000012e0   0x00000008   Code   RO         1718    .text               c_w.l(libspace.o)
    0x000012e8   0x0000004a   Code   RO         1721    .text               c_w.l(sys_stackheap_outer.o)
    0x00001332   0x0000000c   Code   RO         1723    .text               c_w.l(exit.o)
    0x0000133e   0x00000002   PAD
    0x00001340   0x0000000c   Code   RO         1787    .text               c_w.l(sys_exit.o)
    0x0000134c   0x00000002   Code   RO         1798    .text               c_w.l(use_no_semi.o)
    0x0000134e   0x00000000   Code   RO         1800    .text               c_w.l(indicate_semi.o)
    0x0000134e   0x0000000e   Code   RO          823    i.CompDCMAccelUpdate  sensorlib.lib(comp_dcm.o)
    0x0000135c   0x0000003c   Code   RO          827    i.CompDCMInit       sensorlib.lib(comp_dcm.o)
    0x00001398   0x00000120   Code   RO          830    i.CompDCMStart      sensorlib.lib(comp_dcm.o)
    0x000014b8   0x000002e4   Code   RO          831    i.CompDCMUpdate     sensorlib.lib(comp_dcm.o)
    0x0000179c   0x00000028   Code   RO          160    i.GPIODirModeSet    driverlib.lib(gpio.o)
    0x000017c4   0x00000006   Code   RO          161    i.GPIOIntClear      driverlib.lib(gpio.o)
    0x000017ca   0x0000000e   Code   RO          163    i.GPIOIntEnable     driverlib.lib(gpio.o)
    0x000017d8   0x0000000e   Code   RO          165    i.GPIOIntStatus     driverlib.lib(gpio.o)
    0x000017e6   0x0000013a   Code   RO          170    i.GPIOPadConfigSet  driverlib.lib(gpio.o)
    0x00001920   0x00000006   Code   RO          172    i.GPIOPinRead       driverlib.lib(gpio.o)
    0x00001926   0x0000001c   Code   RO          178    i.GPIOPinTypeEthernetLED  driverlib.lib(gpio.o)
    0x00001942   0x0000001c   Code   RO          184    i.GPIOPinTypeI2CSCL  driverlib.lib(gpio.o)
    0x0000195e   0x00000006   Code   RO          202    i.GPIOPinWrite      driverlib.lib(gpio.o)
    0x00001964   0x0000008e   Code   RO          896    i.I2CMCommand       sensorlib.lib(i2cm_drv.o)
    0x000019f2   0x00000036   Code   RO          897    i.I2CMInit          sensorlib.lib(i2cm_drv.o)
    0x00001a28   0x0000031a   Code   RO          898    i.I2CMIntHandler    sensorlib.lib(i2cm_drv.o)
    0x00001d42   0x00000020   Code   RO          976    i.I2CMWrite         sensorlib.lib(i2cm_drv.o)
    0x00001d62   0x00000002   PAD
    0x00001d64   0x00000054   Code   RO          908    i.I2CMWrite8        sensorlib.lib(i2cm_drv.o)
    0x00001db8   0x0000005e   Code   RO          909    i.I2CMWrite8Callback  sensorlib.lib(i2cm_drv.o)
    0x00001e16   0x00000004   Code   RO         1168    i.I2CMasterControl  driverlib.lib(i2c.o)
    0x00001e1a   0x00000004   Code   RO         1169    i.I2CMasterDataGet  driverlib.lib(i2c.o)
    0x00001e1e   0x00000004   Code   RO         1170    i.I2CMasterDataPut  driverlib.lib(i2c.o)
    0x00001e22   0x00000002   PAD
    0x00001e24   0x00000054   Code   RO         1175    i.I2CMasterInitExpClk  driverlib.lib(i2c.o)
    0x00001e78   0x00000008   Code   RO         1176    i.I2CMasterIntClear  driverlib.lib(i2c.o)
    0x00001e80   0x00000008   Code   RO         1181    i.I2CMasterIntEnableEx  driverlib.lib(i2c.o)
    0x00001e88   0x00000008   Code   RO         1185    i.I2CMasterSlaveAddrSet  driverlib.lib(i2c.o)
    0x00001e90   0x00000064   Code   RO         1488    i.IntDisable        driverlib.lib(interrupt.o)
    0x00001ef4   0x00000064   Code   RO         1489    i.IntEnable         driverlib.lib(interrupt.o)
    0x00001f58   0x00000060   Code   RO         1490    i.IntIsEnabled      driverlib.lib(interrupt.o)
    0x00001fb8   0x0000000c   Code   RO         1502    i.IntTrigger        driverlib.lib(interrupt.o)
    0x00001fc4   0x00000238   Code   RO         1040    i.MPU9150Callback   sensorlib.lib(mpu9150.o)
    0x000021fc   0x0000006c   Code   RO         1041    i.MPU9150DataAccelGetFloat  sensorlib.lib(mpu9150.o)
    0x00002268   0x00000064   Code   RO         1047    i.MPU9150DataRead   sensorlib.lib(mpu9150.o)
    0x000022cc   0x00000060   Code   RO         1048    i.MPU9150Init       sensorlib.lib(mpu9150.o)
    0x0000232c   0x000000a0   Code   RO         1052    i.MPU9150Write      sensorlib.lib(mpu9150.o)
    0x000023cc   0x000002c8   Code   RO          477    i.SysCtlClockFreqSet  driverlib.lib(sysctl.o)
    0x00002694   0x00000032   Code   RO         1598    i.VectorAdd         sensorlib.lib(vector.o)
    0x000026c6   0x00000056   Code   RO         1599    i.VectorCrossProduct  sensorlib.lib(vector.o)
    0x0000271c   0x00000026   Code   RO         1600    i.VectorDotProduct  sensorlib.lib(vector.o)
    0x00002742   0x00000026   Code   RO         1601    i.VectorScale       sensorlib.lib(vector.o)
    0x00002768   0x0000003a   Code   RO         1670    i.__hardfp_sqrtf    m_wm.l(sqrtf.o)
    0x000027a2   0x00000002   PAD
    0x000027a4   0x00000062   Code   RO         1634    x$fpl$d2f           fz_wm.l(d2f.o)
    0x00002806   0x00000002   PAD
    0x00002808   0x00000150   Code   RO         1636    x$fpl$dadd          fz_wm.l(daddsub_clz.o)
    0x00002958   0x00000154   Code   RO         1642    x$fpl$dmul          fz_wm.l(dmul.o)
    0x00002aac   0x0000009c   Code   RO         1685    x$fpl$dnaninf       fz_wm.l(dnaninf.o)
    0x00002b48   0x0000000c   Code   RO         1687    x$fpl$dretinf       fz_wm.l(dretinf.o)
    0x00002b54   0x00000016   Code   RO         1637    x$fpl$drsb          fz_wm.l(daddsub_clz.o)
    0x00002b6a   0x00000002   PAD
    0x00002b6c   0x000001d4   Code   RO         1638    x$fpl$dsub          fz_wm.l(daddsub_clz.o)
    0x00002d40   0x00000056   Code   RO         1644    x$fpl$f2d           fz_wm.l(f2d.o)
    0x00002d96   0x0000008c   Code   RO         1689    x$fpl$fnaninf       fz_wm.l(fnaninf.o)
    0x00002e22   0x0000000a   Code   RO         1785    x$fpl$fpinit        fz_wm.l(fpinit.o)
    0x00002e2c   0x0000000a   Code   RO         1691    x$fpl$fretinf       fz_wm.l(fretinf.o)
    0x00002e36   0x00000000   Code   RO         1693    x$fpl$usenofp       fz_wm.l(usenofp.o)
    0x00002e36   0x00000002   PAD
    0x00002e38   0x0000004e   Data   RO            3    .constdata          final.o
    0x00002e86   0x00000002   PAD
    0x00002e88   0x00000028   Data   RO           96    .constdata          uartstdio.o
    0x00002eb0   0x000001c4   Data   RO          530    .constdata          driverlib.lib(sysctl.o)
    0x00003074   0x00000020   Data   RO         1053    .constdata          sensorlib.lib(mpu9150.o)
    0x00003094   0x0000010c   Data   RO         1505    .constdata          driverlib.lib(interrupt.o)
    0x000031a0   0x00000011   Data   RO           97    .conststring        uartstdio.o
    0x000031b1   0x00000003   PAD
    0x000031b4   0x00000020   Data   RO         1852    Region$$Table       anon$$obj.o


    Execution Region ER_RW (Base: 0x20000000, Size: 0x00000030, Max: 0xffffffff, ABSOLUTE)

    Base Addr    Size         Type   Attr      Idx    E Section Name        Object

    0x20000000   0x00000014   Data   RW            4    .data               final.o
    0x20000014   0x0000001c   Data   RW           98    .data               uartstdio.o


    Execution Region ER_ZI (Base: 0x20000030, Size: 0x00000ac8, Max: 0xffffffff, ABSOLUTE)

    Base Addr    Size         Type   Attr      Idx    E Section Name        Object

    0x20000030   0x000001e8   Zero   RW            2    .bss                final.o
    0x20000218   0x00000480   Zero   RW           95    .bss                uartstdio.o
    0x20000698   0x00000060   Zero   RW         1719    .bss                c_w.l(libspace.o)
    0x200006f8   0x00000000   Zero   RW          118    HEAP                startup_rvmdk.o
    0x200006f8   0x00000400   Zero   RW          117    STACK               startup_rvmdk.o


==============================================================================

Image component sizes


      Code (inc. data)   RO Data    RW Data    ZI Data      Debug   Object Name

      1400        252         78         20        488      13018   final.o
       796         50          0          0          0       1749   pinout.o
       564        528          0          0       1024        700   startup_rvmdk.o
      1876        102         57         28       1152       7703   uartstdio.o

    ----------------------------------------------------------------------
      4636        932        172         48       2664      23170   Object Totals
         0          0         32          0          0          0   (incl. Generated)
         0          0          5          0          0          0   (incl. Padding)

    ----------------------------------------------------------------------

      Code (inc. data)   RO Data    RW Data    ZI Data      Debug   Library Member Name

         8          0          0          0          0         68   __main.o
        52          8          0          0          0          0   __scatter.o
        26          0          0          0          0          0   __scatter_copy.o
        28          0          0          0          0          0   __scatter_zi.o
        22          0          0          0          0        100   _rserrno.o
        12          0          0          0          0         72   exit.o
         6          0          0          0          0        152   heapauxi.o
         0          0          0          0          0          0   indicate_semi.o
         2          0          0          0          0          0   libinit.o
         6          0          0          0          0          0   libinit2.o
         2          0          0          0          0          0   libshutdown.o
         2          0          0          0          0          0   libshutdown2.o
         8          4          0          0         96         68   libspace.o
         8          4          0          0          0         68   rt_errno_addr_intlibspace.o
         0          0          0          0          0          0   rtentry.o
        12          0          0          0          0          0   rtentry2.o
         6          0          0          0          0          0   rtentry4.o
         2          0          0          0          0          0   rtexit.o
        10          0          0          0          0          0   rtexit2.o
        12          4          0          0          0         68   sys_exit.o
        74          0          0          0          0         80   sys_stackheap_outer.o
         2          0          0          0          0         68   use_no_semi.o
       456          0          0          0          0       4453   gpio.o
       120         12          0          0          0       3951   i2c.o
       308         28        268          0          0       2821   interrupt.o
       712         40        452          0          0       3225   sysctl.o
        98          4          0          0          0        140   d2f.o
       826         16          0          0          0        492   daddsub_clz.o
       340         12          0          0          0        152   dmul.o
       156          4          0          0          0        140   dnaninf.o
        12          0          0          0          0        116   dretinf.o
        86          4          0          0          0        132   f2d.o
       140          4          0          0          0        132   fnaninf.o
        10          0          0          0          0        116   fpinit.o
        10          0          0          0          0        116   fretinf.o
         0          0          0          0          0          0   usenofp.o
        58          0          0          0          0        136   sqrtf.o
      1102         30          0          0          0       8157   comp_dcm.o
      1200         16          0          0          0       9367   i2cm_drv.o
      1032         36         32          0          0       9040   mpu9150.o
       212          0          0          0          0       1838   vector.o

    ----------------------------------------------------------------------
      7196        226        752          0         96      45268   Library Totals
        18          0          0          0          0          0   (incl. Padding)

    ----------------------------------------------------------------------

      Code (inc. data)   RO Data    RW Data    ZI Data      Debug   Library Name

       300         20          0          0         96        744   c_w.l
      1596         80        720          0          0      14450   driverlib.lib
      1678         44          0          0          0       1536   fz_wm.l
        58          0          0          0          0        136   m_wm.l
      3546         82         32          0          0      28402   sensorlib.lib

    ----------------------------------------------------------------------
      7196        226        752          0         96      45268   Library Totals

    ----------------------------------------------------------------------

==============================================================================


      Code (inc. data)   RO Data    RW Data    ZI Data      Debug   

     11832       1158        924         48       2760      63974   Grand Totals
     11832       1158        924         48       2760      63974   ELF Image Totals
     11832       1158        924         48          0          0   ROM Totals

==============================================================================

    Total RO  Size (Code + RO Data)                12756 (  12.46kB)
    Total RW  Size (RW Data + ZI Data)              2808 (   2.74kB)
    Total ROM Size (Code + RO Data + RW Data)      12804 (  12.50kB)

==============================================================================

