<html>
<body>
<pre>
<h1>µVision Build Log</h1>
<h2>Project:</h2>
C:\ti\TivaWare_C_Series-2.1.0.12573\examples\boards\my_projects\Final_project\final_1.uvproj
Project File Date:  03/14/2015

<h2>Output:</h2>
Rebuild target 'Target 1'
compiling final.c...
final.c(592): warning:  #192-D: unrecognized character escape sequence
                                                UARTprintf("\%d",i32IPart[0]);
final.c: 1 warning, 0 errors
compiling uartstdio.c...
assembling startup_rvmdk.S...
compiling buttons.c...
compiling pinout.c...
linking...
Program Size: Code=11656 RO-data=924 RW-data=48 ZI-data=2760  
".\final_1.axf" - 0 Error(s), 1 Warning(s).
fy OK.
ot created
